ARM GAS  C:\Users\GBMHUN~1\AppData\Local\Temp\ccmK4CkP.s 			page 1


   1              		.syntax unified
   2              		.cpu cortex-m3
   3              		.fpu softvfp
   4              		.eabi_attribute 20, 1
   5              		.eabi_attribute 21, 1
   6              		.eabi_attribute 23, 3
   7              		.eabi_attribute 24, 1
   8              		.eabi_attribute 25, 1
   9              		.eabi_attribute 26, 1
  10              		.eabi_attribute 30, 6
  11              		.eabi_attribute 34, 1
  12              		.eabi_attribute 18, 4
  13              		.thumb
  14              		.file	"cyfitter_cfg.c"
  15              		.text
  16              	.Ltext0:
  17              		.cfi_sections	.debug_frame
  18              		.section	.text.CYMEMZERO,"ax",%progbits
  19              		.align	2
  20              		.thumb
  21              		.thumb_func
  22              		.type	CYMEMZERO, %function
  23              	CYMEMZERO:
  24              	.LFB0:
  25              		.file 1 ".\\Generated_Source\\PSoC5\\cyfitter_cfg.c"
   1:.\Generated_Source\PSoC5/cyfitter_cfg.c **** /*******************************************************************************
   2:.\Generated_Source\PSoC5/cyfitter_cfg.c **** * FILENAME: cyfitter_cfg.c
   3:.\Generated_Source\PSoC5/cyfitter_cfg.c **** * PSoC Creator 3.0 SP2
   4:.\Generated_Source\PSoC5/cyfitter_cfg.c **** *
   5:.\Generated_Source\PSoC5/cyfitter_cfg.c **** * Description:
   6:.\Generated_Source\PSoC5/cyfitter_cfg.c **** * This file is automatically generated by PSoC Creator with device 
   7:.\Generated_Source\PSoC5/cyfitter_cfg.c **** * initialization code.  Except for the user defined sections in
   8:.\Generated_Source\PSoC5/cyfitter_cfg.c **** * CyClockStartupError(), this file should not be modified.
   9:.\Generated_Source\PSoC5/cyfitter_cfg.c **** *
  10:.\Generated_Source\PSoC5/cyfitter_cfg.c **** ********************************************************************************
  11:.\Generated_Source\PSoC5/cyfitter_cfg.c **** * Copyright 2013, Cypress Semiconductor Corporation.  All rights reserved.
  12:.\Generated_Source\PSoC5/cyfitter_cfg.c **** * You may use this file only in accordance with the license, terms, conditions, 
  13:.\Generated_Source\PSoC5/cyfitter_cfg.c **** * disclaimers, and limitations in the end user license agreement accompanying 
  14:.\Generated_Source\PSoC5/cyfitter_cfg.c **** * the software package with which this file was provided.
  15:.\Generated_Source\PSoC5/cyfitter_cfg.c **** ********************************************************************************/
  16:.\Generated_Source\PSoC5/cyfitter_cfg.c **** 
  17:.\Generated_Source\PSoC5/cyfitter_cfg.c **** #include <string.h>
  18:.\Generated_Source\PSoC5/cyfitter_cfg.c **** #include <cytypes.h>
  19:.\Generated_Source\PSoC5/cyfitter_cfg.c **** #include <cydevice_trm.h>
  20:.\Generated_Source\PSoC5/cyfitter_cfg.c **** #include <cyfitter.h>
  21:.\Generated_Source\PSoC5/cyfitter_cfg.c **** #include <CyLib.h>
  22:.\Generated_Source\PSoC5/cyfitter_cfg.c **** #include <cyfitter_cfg.h>
  23:.\Generated_Source\PSoC5/cyfitter_cfg.c **** 
  24:.\Generated_Source\PSoC5/cyfitter_cfg.c **** #define CY_NEED_CYCLOCKSTARTUPERROR 1
  25:.\Generated_Source\PSoC5/cyfitter_cfg.c **** 
  26:.\Generated_Source\PSoC5/cyfitter_cfg.c **** 
  27:.\Generated_Source\PSoC5/cyfitter_cfg.c **** #if defined(__GNUC__) || defined(__ARMCC_VERSION)
  28:.\Generated_Source\PSoC5/cyfitter_cfg.c ****     #define CYPACKED 
  29:.\Generated_Source\PSoC5/cyfitter_cfg.c ****     #define CYPACKED_ATTR __attribute__ ((packed))
  30:.\Generated_Source\PSoC5/cyfitter_cfg.c ****     #define CYALIGNED __attribute__ ((aligned))
  31:.\Generated_Source\PSoC5/cyfitter_cfg.c ****     #define CY_CFG_UNUSED __attribute__ ((unused))
  32:.\Generated_Source\PSoC5/cyfitter_cfg.c ****     #define CY_CFG_SECTION __attribute__ ((section(".psocinit")))
ARM GAS  C:\Users\GBMHUN~1\AppData\Local\Temp\ccmK4CkP.s 			page 2


  33:.\Generated_Source\PSoC5/cyfitter_cfg.c ****     
  34:.\Generated_Source\PSoC5/cyfitter_cfg.c ****     #if defined(__ARMCC_VERSION)
  35:.\Generated_Source\PSoC5/cyfitter_cfg.c ****         #define CY_CFG_MEMORY_BARRIER() __memory_changed()
  36:.\Generated_Source\PSoC5/cyfitter_cfg.c ****     #else
  37:.\Generated_Source\PSoC5/cyfitter_cfg.c ****         #define CY_CFG_MEMORY_BARRIER() __sync_synchronize()
  38:.\Generated_Source\PSoC5/cyfitter_cfg.c ****     #endif
  39:.\Generated_Source\PSoC5/cyfitter_cfg.c ****     
  40:.\Generated_Source\PSoC5/cyfitter_cfg.c **** #elif defined(__ICCARM__)
  41:.\Generated_Source\PSoC5/cyfitter_cfg.c ****     #include <intrinsics.h>
  42:.\Generated_Source\PSoC5/cyfitter_cfg.c **** 
  43:.\Generated_Source\PSoC5/cyfitter_cfg.c ****     #define CYPACKED __packed
  44:.\Generated_Source\PSoC5/cyfitter_cfg.c ****     #define CYPACKED_ATTR 
  45:.\Generated_Source\PSoC5/cyfitter_cfg.c ****     #define CYALIGNED _Pragma("data_alignment=4")
  46:.\Generated_Source\PSoC5/cyfitter_cfg.c ****     #define CY_CFG_UNUSED _Pragma("diag_suppress=Pe177")
  47:.\Generated_Source\PSoC5/cyfitter_cfg.c ****     #define CY_CFG_SECTION _Pragma("location=\".psocinit\"")
  48:.\Generated_Source\PSoC5/cyfitter_cfg.c ****     
  49:.\Generated_Source\PSoC5/cyfitter_cfg.c ****     #define CY_CFG_MEMORY_BARRIER() __DMB()
  50:.\Generated_Source\PSoC5/cyfitter_cfg.c ****     
  51:.\Generated_Source\PSoC5/cyfitter_cfg.c **** #else
  52:.\Generated_Source\PSoC5/cyfitter_cfg.c ****     #error Unsupported toolchain
  53:.\Generated_Source\PSoC5/cyfitter_cfg.c **** #endif
  54:.\Generated_Source\PSoC5/cyfitter_cfg.c **** 
  55:.\Generated_Source\PSoC5/cyfitter_cfg.c **** 
  56:.\Generated_Source\PSoC5/cyfitter_cfg.c **** CY_CFG_UNUSED
  57:.\Generated_Source\PSoC5/cyfitter_cfg.c **** static void CYMEMZERO(void *s, size_t n);
  58:.\Generated_Source\PSoC5/cyfitter_cfg.c **** CY_CFG_UNUSED
  59:.\Generated_Source\PSoC5/cyfitter_cfg.c **** static void CYMEMZERO(void *s, size_t n)
  60:.\Generated_Source\PSoC5/cyfitter_cfg.c **** {
  26              		.loc 1 60 0
  27              		.cfi_startproc
  28              		@ args = 0, pretend = 0, frame = 8
  29              		@ frame_needed = 1, uses_anonymous_args = 0
  30 0000 80B5     		push	{r7, lr}
  31              	.LCFI0:
  32              		.cfi_def_cfa_offset 8
  33              		.cfi_offset 7, -8
  34              		.cfi_offset 14, -4
  35 0002 82B0     		sub	sp, sp, #8
  36              	.LCFI1:
  37              		.cfi_def_cfa_offset 16
  38 0004 00AF     		add	r7, sp, #0
  39              	.LCFI2:
  40              		.cfi_def_cfa_register 7
  41 0006 7860     		str	r0, [r7, #4]
  42 0008 3960     		str	r1, [r7, #0]
  61:.\Generated_Source\PSoC5/cyfitter_cfg.c **** 	(void)memset(s, 0, n);
  43              		.loc 1 61 0
  44 000a 7868     		ldr	r0, [r7, #4]
  45 000c 4FF00001 		mov	r1, #0
  46 0010 3A68     		ldr	r2, [r7, #0]
  47 0012 FFF7FEFF 		bl	memset
  62:.\Generated_Source\PSoC5/cyfitter_cfg.c **** }
  48              		.loc 1 62 0
  49 0016 07F10807 		add	r7, r7, #8
  50 001a BD46     		mov	sp, r7
  51 001c 80BD     		pop	{r7, pc}
  52              		.cfi_endproc
ARM GAS  C:\Users\GBMHUN~1\AppData\Local\Temp\ccmK4CkP.s 			page 3


  53              	.LFE0:
  54              		.size	CYMEMZERO, .-CYMEMZERO
  55 001e 00BF     		.section	.text.CYCONFIGCPY,"ax",%progbits
  56              		.align	2
  57              		.thumb
  58              		.thumb_func
  59              		.type	CYCONFIGCPY, %function
  60              	CYCONFIGCPY:
  61              	.LFB1:
  63:.\Generated_Source\PSoC5/cyfitter_cfg.c **** CY_CFG_UNUSED
  64:.\Generated_Source\PSoC5/cyfitter_cfg.c **** static void CYCONFIGCPY(void *dest, const void *src, size_t n);
  65:.\Generated_Source\PSoC5/cyfitter_cfg.c **** CY_CFG_UNUSED
  66:.\Generated_Source\PSoC5/cyfitter_cfg.c **** static void CYCONFIGCPY(void *dest, const void *src, size_t n)
  67:.\Generated_Source\PSoC5/cyfitter_cfg.c **** {
  62              		.loc 1 67 0
  63              		.cfi_startproc
  64              		@ args = 0, pretend = 0, frame = 16
  65              		@ frame_needed = 1, uses_anonymous_args = 0
  66 0000 80B5     		push	{r7, lr}
  67              	.LCFI3:
  68              		.cfi_def_cfa_offset 8
  69              		.cfi_offset 7, -8
  70              		.cfi_offset 14, -4
  71 0002 84B0     		sub	sp, sp, #16
  72              	.LCFI4:
  73              		.cfi_def_cfa_offset 24
  74 0004 00AF     		add	r7, sp, #0
  75              	.LCFI5:
  76              		.cfi_def_cfa_register 7
  77 0006 F860     		str	r0, [r7, #12]
  78 0008 B960     		str	r1, [r7, #8]
  79 000a 7A60     		str	r2, [r7, #4]
  68:.\Generated_Source\PSoC5/cyfitter_cfg.c **** 	(void)memcpy(dest, src, n);
  80              		.loc 1 68 0
  81 000c F868     		ldr	r0, [r7, #12]
  82 000e B968     		ldr	r1, [r7, #8]
  83 0010 7A68     		ldr	r2, [r7, #4]
  84 0012 FFF7FEFF 		bl	memcpy
  69:.\Generated_Source\PSoC5/cyfitter_cfg.c **** }
  85              		.loc 1 69 0
  86 0016 07F11007 		add	r7, r7, #16
  87 001a BD46     		mov	sp, r7
  88 001c 80BD     		pop	{r7, pc}
  89              		.cfi_endproc
  90              	.LFE1:
  91              		.size	CYCONFIGCPY, .-CYCONFIGCPY
  92 001e 00BF     		.section	.text.CYCONFIGCPYCODE,"ax",%progbits
  93              		.align	2
  94              		.thumb
  95              		.thumb_func
  96              		.type	CYCONFIGCPYCODE, %function
  97              	CYCONFIGCPYCODE:
  98              	.LFB2:
  70:.\Generated_Source\PSoC5/cyfitter_cfg.c **** CY_CFG_UNUSED
  71:.\Generated_Source\PSoC5/cyfitter_cfg.c **** static void CYCONFIGCPYCODE(void *dest, const void *src, size_t n);
  72:.\Generated_Source\PSoC5/cyfitter_cfg.c **** CY_CFG_UNUSED
  73:.\Generated_Source\PSoC5/cyfitter_cfg.c **** static void CYCONFIGCPYCODE(void *dest, const void *src, size_t n)
ARM GAS  C:\Users\GBMHUN~1\AppData\Local\Temp\ccmK4CkP.s 			page 4


  74:.\Generated_Source\PSoC5/cyfitter_cfg.c **** {
  99              		.loc 1 74 0
 100              		.cfi_startproc
 101              		@ args = 0, pretend = 0, frame = 16
 102              		@ frame_needed = 1, uses_anonymous_args = 0
 103 0000 80B5     		push	{r7, lr}
 104              	.LCFI6:
 105              		.cfi_def_cfa_offset 8
 106              		.cfi_offset 7, -8
 107              		.cfi_offset 14, -4
 108 0002 84B0     		sub	sp, sp, #16
 109              	.LCFI7:
 110              		.cfi_def_cfa_offset 24
 111 0004 00AF     		add	r7, sp, #0
 112              	.LCFI8:
 113              		.cfi_def_cfa_register 7
 114 0006 F860     		str	r0, [r7, #12]
 115 0008 B960     		str	r1, [r7, #8]
 116 000a 7A60     		str	r2, [r7, #4]
  75:.\Generated_Source\PSoC5/cyfitter_cfg.c **** 	(void)memcpy(dest, src, n);
 117              		.loc 1 75 0
 118 000c F868     		ldr	r0, [r7, #12]
 119 000e B968     		ldr	r1, [r7, #8]
 120 0010 7A68     		ldr	r2, [r7, #4]
 121 0012 FFF7FEFF 		bl	memcpy
  76:.\Generated_Source\PSoC5/cyfitter_cfg.c **** }
 122              		.loc 1 76 0
 123 0016 07F11007 		add	r7, r7, #16
 124 001a BD46     		mov	sp, r7
 125 001c 80BD     		pop	{r7, pc}
 126              		.cfi_endproc
 127              	.LFE2:
 128              		.size	CYCONFIGCPYCODE, .-CYCONFIGCPYCODE
 129 001e 00BF     		.section	.text.CyClockStartupError,"ax",%progbits
 130              		.align	2
 131              		.thumb
 132              		.thumb_func
 133              		.type	CyClockStartupError, %function
 134              	CyClockStartupError:
 135              	.LFB3:
  77:.\Generated_Source\PSoC5/cyfitter_cfg.c **** 
  78:.\Generated_Source\PSoC5/cyfitter_cfg.c **** 
  79:.\Generated_Source\PSoC5/cyfitter_cfg.c **** 
  80:.\Generated_Source\PSoC5/cyfitter_cfg.c **** /* Clock startup error codes                                                   */
  81:.\Generated_Source\PSoC5/cyfitter_cfg.c **** #define CYCLOCKSTART_NO_ERROR    0u
  82:.\Generated_Source\PSoC5/cyfitter_cfg.c **** #define CYCLOCKSTART_XTAL_ERROR  1u
  83:.\Generated_Source\PSoC5/cyfitter_cfg.c **** #define CYCLOCKSTART_32KHZ_ERROR 2u
  84:.\Generated_Source\PSoC5/cyfitter_cfg.c **** #define CYCLOCKSTART_PLL_ERROR   3u
  85:.\Generated_Source\PSoC5/cyfitter_cfg.c **** 
  86:.\Generated_Source\PSoC5/cyfitter_cfg.c **** #ifdef CY_NEED_CYCLOCKSTARTUPERROR
  87:.\Generated_Source\PSoC5/cyfitter_cfg.c **** /*******************************************************************************
  88:.\Generated_Source\PSoC5/cyfitter_cfg.c **** * Function Name: CyClockStartupError
  89:.\Generated_Source\PSoC5/cyfitter_cfg.c **** ********************************************************************************
  90:.\Generated_Source\PSoC5/cyfitter_cfg.c **** * Summary:
  91:.\Generated_Source\PSoC5/cyfitter_cfg.c **** *  If an error is encountered during clock configuration (crystal startup error,
  92:.\Generated_Source\PSoC5/cyfitter_cfg.c **** *  PLL lock error, etc.), the system will end up here.  Unless reimplemented by
  93:.\Generated_Source\PSoC5/cyfitter_cfg.c **** *  the customer, this function will stop in an infinite loop.
ARM GAS  C:\Users\GBMHUN~1\AppData\Local\Temp\ccmK4CkP.s 			page 5


  94:.\Generated_Source\PSoC5/cyfitter_cfg.c **** *
  95:.\Generated_Source\PSoC5/cyfitter_cfg.c **** * Parameters:
  96:.\Generated_Source\PSoC5/cyfitter_cfg.c **** *   void
  97:.\Generated_Source\PSoC5/cyfitter_cfg.c **** *
  98:.\Generated_Source\PSoC5/cyfitter_cfg.c **** * Return:
  99:.\Generated_Source\PSoC5/cyfitter_cfg.c **** *   void
 100:.\Generated_Source\PSoC5/cyfitter_cfg.c **** *
 101:.\Generated_Source\PSoC5/cyfitter_cfg.c **** *******************************************************************************/
 102:.\Generated_Source\PSoC5/cyfitter_cfg.c **** CY_CFG_UNUSED
 103:.\Generated_Source\PSoC5/cyfitter_cfg.c **** static void CyClockStartupError(uint8 errorCode);
 104:.\Generated_Source\PSoC5/cyfitter_cfg.c **** CY_CFG_UNUSED
 105:.\Generated_Source\PSoC5/cyfitter_cfg.c **** static void CyClockStartupError(uint8 errorCode)
 106:.\Generated_Source\PSoC5/cyfitter_cfg.c **** {
 136              		.loc 1 106 0
 137              		.cfi_startproc
 138              		@ args = 0, pretend = 0, frame = 8
 139              		@ frame_needed = 1, uses_anonymous_args = 0
 140              		@ link register save eliminated.
 141 0000 80B4     		push	{r7}
 142              	.LCFI9:
 143              		.cfi_def_cfa_offset 4
 144              		.cfi_offset 7, -4
 145 0002 83B0     		sub	sp, sp, #12
 146              	.LCFI10:
 147              		.cfi_def_cfa_offset 16
 148 0004 00AF     		add	r7, sp, #0
 149              	.LCFI11:
 150              		.cfi_def_cfa_register 7
 151 0006 0346     		mov	r3, r0
 152 0008 FB71     		strb	r3, [r7, #7]
 153              	.L5:
 107:.\Generated_Source\PSoC5/cyfitter_cfg.c ****     /* To remove the compiler warning if errorCode not used.                */
 108:.\Generated_Source\PSoC5/cyfitter_cfg.c ****     errorCode = errorCode;
 109:.\Generated_Source\PSoC5/cyfitter_cfg.c **** 
 110:.\Generated_Source\PSoC5/cyfitter_cfg.c ****     /* `#START CyClockStartupError` */
 111:.\Generated_Source\PSoC5/cyfitter_cfg.c **** 
 112:.\Generated_Source\PSoC5/cyfitter_cfg.c ****     /* If we have a clock startup error (bad MHz crystal, PLL lock, etc.),  */
 113:.\Generated_Source\PSoC5/cyfitter_cfg.c ****     /* we will end up here to allow the customer to implement something to  */
 114:.\Generated_Source\PSoC5/cyfitter_cfg.c ****     /* deal with the clock condition.                                       */
 115:.\Generated_Source\PSoC5/cyfitter_cfg.c **** 
 116:.\Generated_Source\PSoC5/cyfitter_cfg.c ****     /* `#END` */
 117:.\Generated_Source\PSoC5/cyfitter_cfg.c **** 
 118:.\Generated_Source\PSoC5/cyfitter_cfg.c ****     /* If nothing else, stop here since the clocks have not started         */
 119:.\Generated_Source\PSoC5/cyfitter_cfg.c ****     /* correctly.                                                           */
 120:.\Generated_Source\PSoC5/cyfitter_cfg.c ****     while(1) {}
 154              		.loc 1 120 0 discriminator 1
 155 000a FEE7     		b	.L5
 156              		.cfi_endproc
 157              	.LFE3:
 158              		.size	CyClockStartupError, .-CyClockStartupError
 159              		.section	.text.ClockSetup,"ax",%progbits
 160              		.align	2
 161              		.thumb
 162              		.thumb_func
 163              		.type	ClockSetup, %function
 164              	ClockSetup:
 165              	.LFB4:
ARM GAS  C:\Users\GBMHUN~1\AppData\Local\Temp\ccmK4CkP.s 			page 6


 121:.\Generated_Source\PSoC5/cyfitter_cfg.c **** }
 122:.\Generated_Source\PSoC5/cyfitter_cfg.c **** #endif
 123:.\Generated_Source\PSoC5/cyfitter_cfg.c **** 
 124:.\Generated_Source\PSoC5/cyfitter_cfg.c **** /* IOPINS0_3 Address: CYREG_PRT3_DM0 Size (bytes): 8 */
 125:.\Generated_Source\PSoC5/cyfitter_cfg.c **** #define BS_IOPINS0_3_VAL ((const uint8 CYFAR *)0x48000000u)
 126:.\Generated_Source\PSoC5/cyfitter_cfg.c **** 
 127:.\Generated_Source\PSoC5/cyfitter_cfg.c **** 
 128:.\Generated_Source\PSoC5/cyfitter_cfg.c **** /*******************************************************************************
 129:.\Generated_Source\PSoC5/cyfitter_cfg.c **** * Function Name: ClockSetup
 130:.\Generated_Source\PSoC5/cyfitter_cfg.c **** ********************************************************************************
 131:.\Generated_Source\PSoC5/cyfitter_cfg.c **** *
 132:.\Generated_Source\PSoC5/cyfitter_cfg.c **** * Summary:
 133:.\Generated_Source\PSoC5/cyfitter_cfg.c **** *  Performs the initialization of all of the clocks in the device based on the
 134:.\Generated_Source\PSoC5/cyfitter_cfg.c **** *  settings in the Clock tab of the DWR.  This includes enabling the requested
 135:.\Generated_Source\PSoC5/cyfitter_cfg.c **** *  clocks and setting the necessary dividers to produce the desired frequency. 
 136:.\Generated_Source\PSoC5/cyfitter_cfg.c **** *
 137:.\Generated_Source\PSoC5/cyfitter_cfg.c **** * Parameters:
 138:.\Generated_Source\PSoC5/cyfitter_cfg.c **** *  void
 139:.\Generated_Source\PSoC5/cyfitter_cfg.c **** *
 140:.\Generated_Source\PSoC5/cyfitter_cfg.c **** * Return:
 141:.\Generated_Source\PSoC5/cyfitter_cfg.c **** *  void
 142:.\Generated_Source\PSoC5/cyfitter_cfg.c **** *
 143:.\Generated_Source\PSoC5/cyfitter_cfg.c **** *******************************************************************************/
 144:.\Generated_Source\PSoC5/cyfitter_cfg.c **** static void ClockSetup(void);
 145:.\Generated_Source\PSoC5/cyfitter_cfg.c **** static void ClockSetup(void)
 146:.\Generated_Source\PSoC5/cyfitter_cfg.c **** {
 166              		.loc 1 146 0
 167              		.cfi_startproc
 168              		@ args = 0, pretend = 0, frame = 8
 169              		@ frame_needed = 1, uses_anonymous_args = 0
 170 0000 80B5     		push	{r7, lr}
 171              	.LCFI12:
 172              		.cfi_def_cfa_offset 8
 173              		.cfi_offset 7, -8
 174              		.cfi_offset 14, -4
 175 0002 82B0     		sub	sp, sp, #8
 176              	.LCFI13:
 177              		.cfi_def_cfa_offset 16
 178 0004 00AF     		add	r7, sp, #0
 179              	.LCFI14:
 180              		.cfi_def_cfa_register 7
 147:.\Generated_Source\PSoC5/cyfitter_cfg.c **** 	uint32 timeout;
 148:.\Generated_Source\PSoC5/cyfitter_cfg.c **** 	uint8 pllLock;
 149:.\Generated_Source\PSoC5/cyfitter_cfg.c **** 
 150:.\Generated_Source\PSoC5/cyfitter_cfg.c **** 
 151:.\Generated_Source\PSoC5/cyfitter_cfg.c **** 	/* Configure ILO based on settings from Clock DWR */
 152:.\Generated_Source\PSoC5/cyfitter_cfg.c **** 	CY_SET_XTND_REG8((void CYFAR *)(CYREG_SLOWCLK_ILO_CR0), 0x02u);
 181              		.loc 1 152 0
 182 0006 4FF48643 		mov	r3, #17152
 183 000a C4F20003 		movt	r3, 16384
 184 000e 4FF00202 		mov	r2, #2
 185 0012 1A70     		strb	r2, [r3, #0]
 153:.\Generated_Source\PSoC5/cyfitter_cfg.c **** 	CY_SET_XTND_REG8((void CYFAR *)(CYREG_CLKDIST_CR), 0x08u);
 186              		.loc 1 153 0
 187 0014 4FF04023 		mov	r3, #1073758208
 188 0018 4FF00802 		mov	r2, #8
 189 001c 1A70     		strb	r2, [r3, #0]
ARM GAS  C:\Users\GBMHUN~1\AppData\Local\Temp\ccmK4CkP.s 			page 7


 154:.\Generated_Source\PSoC5/cyfitter_cfg.c **** 
 155:.\Generated_Source\PSoC5/cyfitter_cfg.c **** 	/* Configure IMO based on settings from Clock DWR */
 156:.\Generated_Source\PSoC5/cyfitter_cfg.c **** 	CY_SET_XTND_REG8((void CYFAR *)(CYREG_FASTCLK_IMO_CR), 0x03u);
 190              		.loc 1 156 0
 191 001e 4FF48443 		mov	r3, #16896
 192 0022 C4F20003 		movt	r3, 16384
 193 0026 4FF00302 		mov	r2, #3
 194 002a 1A70     		strb	r2, [r3, #0]
 157:.\Generated_Source\PSoC5/cyfitter_cfg.c **** 	CY_SET_XTND_REG8((void CYFAR *)(CYREG_IMO_TR1), (CY_GET_XTND_REG8((void CYFAR *)CYREG_FLSHID_CUST_
 195              		.loc 1 157 0
 196 002c 44F2A163 		movw	r3, #18081
 197 0030 C4F20003 		movt	r3, 16384
 198 0034 4FF48472 		mov	r2, #264
 199 0038 C4F60012 		movt	r2, 18688
 200 003c 1278     		ldrb	r2, [r2, #0]
 201 003e D2B2     		uxtb	r2, r2
 202 0040 1A70     		strb	r2, [r3, #0]
 158:.\Generated_Source\PSoC5/cyfitter_cfg.c **** 
 159:.\Generated_Source\PSoC5/cyfitter_cfg.c **** 	/* Configure PLL based on settings from Clock DWR */
 160:.\Generated_Source\PSoC5/cyfitter_cfg.c **** 	CY_SET_XTND_REG16((void CYFAR *)(CYREG_FASTCLK_PLL_P), 0x0008u);
 203              		.loc 1 160 0
 204 0042 44F22223 		movw	r3, #16930
 205 0046 C4F20003 		movt	r3, 16384
 206 004a 4FF00802 		mov	r2, #8
 207 004e 1A80     		strh	r2, [r3, #0]	@ movhi
 161:.\Generated_Source\PSoC5/cyfitter_cfg.c **** 	CY_SET_XTND_REG16((void CYFAR *)(CYREG_FASTCLK_PLL_CFG0), 0x1251u);
 208              		.loc 1 161 0
 209 0050 44F22023 		movw	r3, #16928
 210 0054 C4F20003 		movt	r3, 16384
 211 0058 41F25122 		movw	r2, #4689
 212 005c 1A80     		strh	r2, [r3, #0]	@ movhi
 162:.\Generated_Source\PSoC5/cyfitter_cfg.c **** 	/* Wait up to 250us for the PLL to lock */
 163:.\Generated_Source\PSoC5/cyfitter_cfg.c **** 	pllLock = 0u;
 213              		.loc 1 163 0
 214 005e 4FF00003 		mov	r3, #0
 215 0062 FB70     		strb	r3, [r7, #3]
 164:.\Generated_Source\PSoC5/cyfitter_cfg.c **** 	for (timeout = 250u / 10u; (timeout > 0u) && (pllLock != 0x03u); timeout--)
 216              		.loc 1 164 0
 217 0064 4FF01903 		mov	r3, #25
 218 0068 7B60     		str	r3, [r7, #4]
 219 006a 19E0     		b	.L7
 220              	.L9:
 165:.\Generated_Source\PSoC5/cyfitter_cfg.c **** 	{ 
 166:.\Generated_Source\PSoC5/cyfitter_cfg.c **** 		pllLock = 0x03u & ((uint8)((uint8)pllLock << 1) | ((CY_GET_XTND_REG8((void CYFAR *)CYREG_FASTCLK_
 221              		.loc 1 166 0 discriminator 1
 222 006c FB78     		ldrb	r3, [r7, #3]
 223 006e 4FEA4303 		lsl	r3, r3, #1
 224 0072 DAB2     		uxtb	r2, r3
 225 0074 44F22523 		movw	r3, #16933
 226 0078 C4F20003 		movt	r3, 16384
 227 007c 1B78     		ldrb	r3, [r3, #0]
 228 007e DBB2     		uxtb	r3, r3
 229 0080 03F00103 		and	r3, r3, #1
 230 0084 DBB2     		uxtb	r3, r3
 231 0086 1343     		orrs	r3, r3, r2
 232 0088 DBB2     		uxtb	r3, r3
 233 008a 03F00303 		and	r3, r3, #3
ARM GAS  C:\Users\GBMHUN~1\AppData\Local\Temp\ccmK4CkP.s 			page 8


 234 008e FB70     		strb	r3, [r7, #3]
 167:.\Generated_Source\PSoC5/cyfitter_cfg.c **** 		CyDelayCycles(10u * 48u); /* Delay 10us based on 48MHz clock */
 235              		.loc 1 167 0 discriminator 1
 236 0090 4FF4F070 		mov	r0, #480
 237 0094 FFF7FEFF 		bl	CyDelayCycles
 164:.\Generated_Source\PSoC5/cyfitter_cfg.c **** 	for (timeout = 250u / 10u; (timeout > 0u) && (pllLock != 0x03u); timeout--)
 238              		.loc 1 164 0 discriminator 1
 239 0098 7B68     		ldr	r3, [r7, #4]
 240 009a 03F1FF33 		add	r3, r3, #-1
 241 009e 7B60     		str	r3, [r7, #4]
 242              	.L7:
 243 00a0 7B68     		ldr	r3, [r7, #4]
 244 00a2 002B     		cmp	r3, #0
 245 00a4 02D0     		beq	.L8
 164:.\Generated_Source\PSoC5/cyfitter_cfg.c **** 	for (timeout = 250u / 10u; (timeout > 0u) && (pllLock != 0x03u); timeout--)
 246              		.loc 1 164 0 is_stmt 0 discriminator 2
 247 00a6 FB78     		ldrb	r3, [r7, #3]	@ zero_extendqisi2
 248 00a8 032B     		cmp	r3, #3
 249 00aa DFD1     		bne	.L9
 250              	.L8:
 168:.\Generated_Source\PSoC5/cyfitter_cfg.c **** 	}
 169:.\Generated_Source\PSoC5/cyfitter_cfg.c **** 	/* If we ran out of time the PLL didn't lock so go to the error function */
 170:.\Generated_Source\PSoC5/cyfitter_cfg.c **** 	if (timeout == 0u)
 251              		.loc 1 170 0 is_stmt 1
 252 00ac 7B68     		ldr	r3, [r7, #4]
 253 00ae 002B     		cmp	r3, #0
 254 00b0 03D1     		bne	.L10
 171:.\Generated_Source\PSoC5/cyfitter_cfg.c **** 	{
 172:.\Generated_Source\PSoC5/cyfitter_cfg.c **** 		CyClockStartupError(CYCLOCKSTART_PLL_ERROR);
 255              		.loc 1 172 0
 256 00b2 4FF00300 		mov	r0, #3
 257 00b6 FFF7FEFF 		bl	CyClockStartupError
 258              	.L10:
 173:.\Generated_Source\PSoC5/cyfitter_cfg.c **** 	}
 174:.\Generated_Source\PSoC5/cyfitter_cfg.c **** 
 175:.\Generated_Source\PSoC5/cyfitter_cfg.c **** 	/* Configure Bus/Master Clock based on settings from Clock DWR */
 176:.\Generated_Source\PSoC5/cyfitter_cfg.c **** 	CY_SET_XTND_REG16((void CYFAR *)(CYREG_CLKDIST_MSTR0), 0x0100u);
 259              		.loc 1 176 0
 260 00ba 44F20403 		movw	r3, #16388
 261 00be C4F20003 		movt	r3, 16384
 262 00c2 4FF48072 		mov	r2, #256
 263 00c6 1A80     		strh	r2, [r3, #0]	@ movhi
 177:.\Generated_Source\PSoC5/cyfitter_cfg.c **** 	CY_SET_XTND_REG8((void CYFAR *)(CYREG_CLKDIST_MSTR0), 0x07u);
 264              		.loc 1 177 0
 265 00c8 44F20403 		movw	r3, #16388
 266 00cc C4F20003 		movt	r3, 16384
 267 00d0 4FF00702 		mov	r2, #7
 268 00d4 1A70     		strb	r2, [r3, #0]
 178:.\Generated_Source\PSoC5/cyfitter_cfg.c **** 	CY_SET_XTND_REG8((void CYFAR *)(CYREG_CLKDIST_BCFG0), 0x00u);
 269              		.loc 1 178 0
 270 00d6 44F20603 		movw	r3, #16390
 271 00da C4F20003 		movt	r3, 16384
 272 00de 4FF00002 		mov	r2, #0
 273 00e2 1A70     		strb	r2, [r3, #0]
 179:.\Generated_Source\PSoC5/cyfitter_cfg.c **** 	CY_SET_XTND_REG8((void CYFAR *)(CYREG_CLKDIST_BCFG2), 0x48u);
 274              		.loc 1 179 0
 275 00e4 44F20803 		movw	r3, #16392
ARM GAS  C:\Users\GBMHUN~1\AppData\Local\Temp\ccmK4CkP.s 			page 9


 276 00e8 C4F20003 		movt	r3, 16384
 277 00ec 4FF04802 		mov	r2, #72
 278 00f0 1A70     		strb	r2, [r3, #0]
 180:.\Generated_Source\PSoC5/cyfitter_cfg.c **** 	CY_SET_XTND_REG8((void CYFAR *)(CYREG_CLKDIST_MSTR0), 0x00u);
 279              		.loc 1 180 0
 280 00f2 44F20403 		movw	r3, #16388
 281 00f6 C4F20003 		movt	r3, 16384
 282 00fa 4FF00002 		mov	r2, #0
 283 00fe 1A70     		strb	r2, [r3, #0]
 181:.\Generated_Source\PSoC5/cyfitter_cfg.c **** 	CY_SET_XTND_REG8((void CYFAR *)(CYREG_CLKDIST_LD), 0x02u);
 284              		.loc 1 181 0
 285 0100 44F20103 		movw	r3, #16385
 286 0104 C4F20003 		movt	r3, 16384
 287 0108 4FF00202 		mov	r2, #2
 288 010c 1A70     		strb	r2, [r3, #0]
 182:.\Generated_Source\PSoC5/cyfitter_cfg.c **** }
 289              		.loc 1 182 0
 290 010e 07F10807 		add	r7, r7, #8
 291 0112 BD46     		mov	sp, r7
 292 0114 80BD     		pop	{r7, pc}
 293              		.cfi_endproc
 294              	.LFE4:
 295              		.size	ClockSetup, .-ClockSetup
 296 0116 00BF     		.section	.text.AnalogSetDefault,"ax",%progbits
 297              		.align	2
 298              		.thumb
 299              		.thumb_func
 300              		.type	AnalogSetDefault, %function
 301              	AnalogSetDefault:
 302              	.LFB5:
 183:.\Generated_Source\PSoC5/cyfitter_cfg.c **** 
 184:.\Generated_Source\PSoC5/cyfitter_cfg.c **** 
 185:.\Generated_Source\PSoC5/cyfitter_cfg.c **** /* Analog API Functions */
 186:.\Generated_Source\PSoC5/cyfitter_cfg.c **** 
 187:.\Generated_Source\PSoC5/cyfitter_cfg.c **** 
 188:.\Generated_Source\PSoC5/cyfitter_cfg.c **** /*******************************************************************************
 189:.\Generated_Source\PSoC5/cyfitter_cfg.c **** * Function Name: AnalogSetDefault
 190:.\Generated_Source\PSoC5/cyfitter_cfg.c **** ********************************************************************************
 191:.\Generated_Source\PSoC5/cyfitter_cfg.c **** *
 192:.\Generated_Source\PSoC5/cyfitter_cfg.c **** * Summary:
 193:.\Generated_Source\PSoC5/cyfitter_cfg.c **** *  Sets up the analog portions of the chip to default values based on chip
 194:.\Generated_Source\PSoC5/cyfitter_cfg.c **** *  configuration options from the project.
 195:.\Generated_Source\PSoC5/cyfitter_cfg.c **** *
 196:.\Generated_Source\PSoC5/cyfitter_cfg.c **** * Parameters:
 197:.\Generated_Source\PSoC5/cyfitter_cfg.c **** *  void
 198:.\Generated_Source\PSoC5/cyfitter_cfg.c **** *
 199:.\Generated_Source\PSoC5/cyfitter_cfg.c **** * Return:
 200:.\Generated_Source\PSoC5/cyfitter_cfg.c **** *  void
 201:.\Generated_Source\PSoC5/cyfitter_cfg.c **** *
 202:.\Generated_Source\PSoC5/cyfitter_cfg.c **** *******************************************************************************/
 203:.\Generated_Source\PSoC5/cyfitter_cfg.c **** static void AnalogSetDefault(void);
 204:.\Generated_Source\PSoC5/cyfitter_cfg.c **** static void AnalogSetDefault(void)
 205:.\Generated_Source\PSoC5/cyfitter_cfg.c **** {
 303              		.loc 1 205 0
 304              		.cfi_startproc
 305              		@ args = 0, pretend = 0, frame = 8
 306              		@ frame_needed = 1, uses_anonymous_args = 0
ARM GAS  C:\Users\GBMHUN~1\AppData\Local\Temp\ccmK4CkP.s 			page 10


 307              		@ link register save eliminated.
 308 0000 80B4     		push	{r7}
 309              	.LCFI15:
 310              		.cfi_def_cfa_offset 4
 311              		.cfi_offset 7, -4
 312 0002 83B0     		sub	sp, sp, #12
 313              	.LCFI16:
 314              		.cfi_def_cfa_offset 16
 315 0004 00AF     		add	r7, sp, #0
 316              	.LCFI17:
 317              		.cfi_def_cfa_register 7
 206:.\Generated_Source\PSoC5/cyfitter_cfg.c **** 	uint8 bg_xover_inl_trim = CY_GET_XTND_REG8((void CYFAR *)(CYREG_FLSHID_MFG_CFG_BG_XOVER_INL_TRIM +
 318              		.loc 1 206 0
 319 0006 40F2CF13 		movw	r3, #463
 320 000a C4F60013 		movt	r3, 18688
 321 000e 1B78     		ldrb	r3, [r3, #0]
 322 0010 FB71     		strb	r3, [r7, #7]
 207:.\Generated_Source\PSoC5/cyfitter_cfg.c **** 	CY_SET_XTND_REG8((void CYFAR *)(CYREG_BG_DFT0), (bg_xover_inl_trim & 0x07u));
 323              		.loc 1 207 0
 324 0012 45F66E03 		movw	r3, #22638
 325 0016 C4F20003 		movt	r3, 16384
 326 001a FA79     		ldrb	r2, [r7, #7]
 327 001c 02F00702 		and	r2, r2, #7
 328 0020 D2B2     		uxtb	r2, r2
 329 0022 1A70     		strb	r2, [r3, #0]
 208:.\Generated_Source\PSoC5/cyfitter_cfg.c **** 	CY_SET_XTND_REG8((void CYFAR *)(CYREG_BG_DFT1), ((bg_xover_inl_trim >> 4) & 0x0Fu));
 330              		.loc 1 208 0
 331 0024 45F66F03 		movw	r3, #22639
 332 0028 C4F20003 		movt	r3, 16384
 333 002c FA79     		ldrb	r2, [r7, #7]	@ zero_extendqisi2
 334 002e 4FEA1212 		lsr	r2, r2, #4
 335 0032 D2B2     		uxtb	r2, r2
 336 0034 1A70     		strb	r2, [r3, #0]
 209:.\Generated_Source\PSoC5/cyfitter_cfg.c **** 	CY_SET_XTND_REG8((void CYFAR *)CYREG_PUMP_CR0, 0x44u);
 337              		.loc 1 209 0
 338 0036 45F67603 		movw	r3, #22646
 339 003a C4F20003 		movt	r3, 16384
 340 003e 4FF04402 		mov	r2, #68
 341 0042 1A70     		strb	r2, [r3, #0]
 210:.\Generated_Source\PSoC5/cyfitter_cfg.c **** }
 342              		.loc 1 210 0
 343 0044 07F10C07 		add	r7, r7, #12
 344 0048 BD46     		mov	sp, r7
 345 004a 80BC     		pop	{r7}
 346 004c 7047     		bx	lr
 347              		.cfi_endproc
 348              	.LFE5:
 349              		.size	AnalogSetDefault, .-AnalogSetDefault
 350 004e 00BF     		.section	.text.SetAnalogRoutingPumps,"ax",%progbits
 351              		.align	2
 352              		.global	SetAnalogRoutingPumps
 353              		.thumb
 354              		.thumb_func
 355              		.type	SetAnalogRoutingPumps, %function
 356              	SetAnalogRoutingPumps:
 357              	.LFB6:
 211:.\Generated_Source\PSoC5/cyfitter_cfg.c **** 
ARM GAS  C:\Users\GBMHUN~1\AppData\Local\Temp\ccmK4CkP.s 			page 11


 212:.\Generated_Source\PSoC5/cyfitter_cfg.c **** 
 213:.\Generated_Source\PSoC5/cyfitter_cfg.c **** /*******************************************************************************
 214:.\Generated_Source\PSoC5/cyfitter_cfg.c **** * Function Name: SetAnalogRoutingPumps
 215:.\Generated_Source\PSoC5/cyfitter_cfg.c **** ********************************************************************************
 216:.\Generated_Source\PSoC5/cyfitter_cfg.c **** *
 217:.\Generated_Source\PSoC5/cyfitter_cfg.c **** * Summary:
 218:.\Generated_Source\PSoC5/cyfitter_cfg.c **** * Enables or disables the analog pumps feeding analog routing switches.
 219:.\Generated_Source\PSoC5/cyfitter_cfg.c **** * Intended to be called at startup, based on the Vdda system configuration;
 220:.\Generated_Source\PSoC5/cyfitter_cfg.c **** * may be called during operation when the user informs us that the Vdda voltage
 221:.\Generated_Source\PSoC5/cyfitter_cfg.c **** * crossed the pump threshold.
 222:.\Generated_Source\PSoC5/cyfitter_cfg.c **** *
 223:.\Generated_Source\PSoC5/cyfitter_cfg.c **** * Parameters:
 224:.\Generated_Source\PSoC5/cyfitter_cfg.c **** *  enabled - 1 to enable the pumps, 0 to disable the pumps
 225:.\Generated_Source\PSoC5/cyfitter_cfg.c **** *
 226:.\Generated_Source\PSoC5/cyfitter_cfg.c **** * Return:
 227:.\Generated_Source\PSoC5/cyfitter_cfg.c **** *  void
 228:.\Generated_Source\PSoC5/cyfitter_cfg.c **** *
 229:.\Generated_Source\PSoC5/cyfitter_cfg.c **** *******************************************************************************/
 230:.\Generated_Source\PSoC5/cyfitter_cfg.c **** void SetAnalogRoutingPumps(uint8 enabled)
 231:.\Generated_Source\PSoC5/cyfitter_cfg.c **** {
 358              		.loc 1 231 0
 359              		.cfi_startproc
 360              		@ args = 0, pretend = 0, frame = 16
 361              		@ frame_needed = 1, uses_anonymous_args = 0
 362              		@ link register save eliminated.
 363 0000 80B4     		push	{r7}
 364              	.LCFI18:
 365              		.cfi_def_cfa_offset 4
 366              		.cfi_offset 7, -4
 367 0002 85B0     		sub	sp, sp, #20
 368              	.LCFI19:
 369              		.cfi_def_cfa_offset 24
 370 0004 00AF     		add	r7, sp, #0
 371              	.LCFI20:
 372              		.cfi_def_cfa_register 7
 373 0006 0346     		mov	r3, r0
 374 0008 FB71     		strb	r3, [r7, #7]
 232:.\Generated_Source\PSoC5/cyfitter_cfg.c **** 	uint8 regValue = CY_GET_XTND_REG8((void CYFAR *)CYREG_PUMP_CR0);
 375              		.loc 1 232 0
 376 000a 45F67603 		movw	r3, #22646
 377 000e C4F20003 		movt	r3, 16384
 378 0012 1B78     		ldrb	r3, [r3, #0]
 379 0014 FB73     		strb	r3, [r7, #15]
 233:.\Generated_Source\PSoC5/cyfitter_cfg.c **** 	if (enabled != 0u)
 380              		.loc 1 233 0
 381 0016 FB79     		ldrb	r3, [r7, #7]	@ zero_extendqisi2
 382 0018 002B     		cmp	r3, #0
 234:.\Generated_Source\PSoC5/cyfitter_cfg.c **** 	{
 235:.\Generated_Source\PSoC5/cyfitter_cfg.c **** 		regValue |= 0x00u;
 383              		.loc 1 235 0
 384 001a 00BF     		nop
 236:.\Generated_Source\PSoC5/cyfitter_cfg.c **** 	}
 237:.\Generated_Source\PSoC5/cyfitter_cfg.c **** 	else
 238:.\Generated_Source\PSoC5/cyfitter_cfg.c **** 	{
 239:.\Generated_Source\PSoC5/cyfitter_cfg.c **** 		regValue &= (uint8)~0x00u;
 240:.\Generated_Source\PSoC5/cyfitter_cfg.c **** 	}
 241:.\Generated_Source\PSoC5/cyfitter_cfg.c **** 	CY_SET_XTND_REG8((void CYFAR *)CYREG_PUMP_CR0, regValue);
ARM GAS  C:\Users\GBMHUN~1\AppData\Local\Temp\ccmK4CkP.s 			page 12


 385              		.loc 1 241 0
 386 001c 45F67603 		movw	r3, #22646
 387 0020 C4F20003 		movt	r3, 16384
 388 0024 FA7B     		ldrb	r2, [r7, #15]
 389 0026 1A70     		strb	r2, [r3, #0]
 242:.\Generated_Source\PSoC5/cyfitter_cfg.c **** }
 390              		.loc 1 242 0
 391 0028 07F11407 		add	r7, r7, #20
 392 002c BD46     		mov	sp, r7
 393 002e 80BC     		pop	{r7}
 394 0030 7047     		bx	lr
 395              		.cfi_endproc
 396              	.LFE6:
 397              		.size	SetAnalogRoutingPumps, .-SetAnalogRoutingPumps
 398 0032 00BF     		.section	.text.cyfitter_cfg,"ax",%progbits
 399              		.align	2
 400              		.global	cyfitter_cfg
 401              		.thumb
 402              		.thumb_func
 403              		.type	cyfitter_cfg, %function
 404              	cyfitter_cfg:
 405              	.LFB7:
 243:.\Generated_Source\PSoC5/cyfitter_cfg.c **** 
 244:.\Generated_Source\PSoC5/cyfitter_cfg.c **** #define CY_AMUX_UNUSED CYREG_BOOST_SR
 245:.\Generated_Source\PSoC5/cyfitter_cfg.c **** 
 246:.\Generated_Source\PSoC5/cyfitter_cfg.c **** 
 247:.\Generated_Source\PSoC5/cyfitter_cfg.c **** /*******************************************************************************
 248:.\Generated_Source\PSoC5/cyfitter_cfg.c **** * Function Name: cyfitter_cfg
 249:.\Generated_Source\PSoC5/cyfitter_cfg.c **** ********************************************************************************
 250:.\Generated_Source\PSoC5/cyfitter_cfg.c **** * Summary:
 251:.\Generated_Source\PSoC5/cyfitter_cfg.c **** *  This function is called by the start-up code for the selected device. It
 252:.\Generated_Source\PSoC5/cyfitter_cfg.c **** *  performs all of the necessary device configuration based on the design
 253:.\Generated_Source\PSoC5/cyfitter_cfg.c **** *  settings.  This includes settings from the Design Wide Resources (DWR) such
 254:.\Generated_Source\PSoC5/cyfitter_cfg.c **** *  as Clocks and Pins as well as any component configuration that is necessary.
 255:.\Generated_Source\PSoC5/cyfitter_cfg.c **** *
 256:.\Generated_Source\PSoC5/cyfitter_cfg.c **** * Parameters:  
 257:.\Generated_Source\PSoC5/cyfitter_cfg.c **** *   void
 258:.\Generated_Source\PSoC5/cyfitter_cfg.c **** *
 259:.\Generated_Source\PSoC5/cyfitter_cfg.c **** * Return:
 260:.\Generated_Source\PSoC5/cyfitter_cfg.c **** *   void
 261:.\Generated_Source\PSoC5/cyfitter_cfg.c **** *
 262:.\Generated_Source\PSoC5/cyfitter_cfg.c **** *******************************************************************************/
 263:.\Generated_Source\PSoC5/cyfitter_cfg.c **** 
 264:.\Generated_Source\PSoC5/cyfitter_cfg.c **** void cyfitter_cfg(void)
 265:.\Generated_Source\PSoC5/cyfitter_cfg.c **** {
 406              		.loc 1 265 0
 407              		.cfi_startproc
 408              		@ args = 0, pretend = 0, frame = 8
 409              		@ frame_needed = 1, uses_anonymous_args = 0
 410 0000 80B5     		push	{r7, lr}
 411              	.LCFI21:
 412              		.cfi_def_cfa_offset 8
 413              		.cfi_offset 7, -8
 414              		.cfi_offset 14, -4
 415 0002 82B0     		sub	sp, sp, #8
 416              	.LCFI22:
 417              		.cfi_def_cfa_offset 16
ARM GAS  C:\Users\GBMHUN~1\AppData\Local\Temp\ccmK4CkP.s 			page 13


 418 0004 00AF     		add	r7, sp, #0
 419              	.LCFI23:
 420              		.cfi_def_cfa_register 7
 266:.\Generated_Source\PSoC5/cyfitter_cfg.c **** #ifdef CYGlobalIntDisable
 267:.\Generated_Source\PSoC5/cyfitter_cfg.c **** 	/* Disable interrupts by default. Let user enable if/when they want. */
 268:.\Generated_Source\PSoC5/cyfitter_cfg.c **** 	CYGlobalIntDisable
 421              		.loc 1 268 0
 422              	@ 268 ".\Generated_Source\PSoC5\cyfitter_cfg.c" 1
 423 0006 72B6     		CPSID   i
 424              	@ 0 "" 2
 269:.\Generated_Source\PSoC5/cyfitter_cfg.c **** #endif
 270:.\Generated_Source\PSoC5/cyfitter_cfg.c **** 
 271:.\Generated_Source\PSoC5/cyfitter_cfg.c **** 	/* Enable/Disable Debug functionality based on settings from System DWR */
 272:.\Generated_Source\PSoC5/cyfitter_cfg.c **** 	CY_SET_XTND_REG8((void CYFAR *)CYREG_MLOGIC_DEBUG, (CY_GET_XTND_REG8((void CYFAR *)CYREG_MLOGIC_DE
 425              		.loc 1 272 0
 426              		.thumb
 427 0008 44F2E863 		movw	r3, #18152
 428 000c C4F20003 		movt	r3, 16384
 429 0010 44F2E862 		movw	r2, #18152
 430 0014 C4F20002 		movt	r2, 16384
 431 0018 1278     		ldrb	r2, [r2, #0]
 432 001a D2B2     		uxtb	r2, r2
 433 001c 42F00402 		orr	r2, r2, #4
 434 0020 D2B2     		uxtb	r2, r2
 435 0022 1A70     		strb	r2, [r3, #0]
 436              	.LBB2:
 273:.\Generated_Source\PSoC5/cyfitter_cfg.c **** 
 274:.\Generated_Source\PSoC5/cyfitter_cfg.c **** 	{
 275:.\Generated_Source\PSoC5/cyfitter_cfg.c **** 
 276:.\Generated_Source\PSoC5/cyfitter_cfg.c **** 		CYPACKED typedef struct {
 277:.\Generated_Source\PSoC5/cyfitter_cfg.c **** 			void CYFAR *address;
 278:.\Generated_Source\PSoC5/cyfitter_cfg.c **** 			uint16 size;
 279:.\Generated_Source\PSoC5/cyfitter_cfg.c **** 		} CYPACKED_ATTR cfg_memset_t;
 280:.\Generated_Source\PSoC5/cyfitter_cfg.c **** 
 281:.\Generated_Source\PSoC5/cyfitter_cfg.c **** 		static const cfg_memset_t CYCODE cfg_memset_list [] = {
 282:.\Generated_Source\PSoC5/cyfitter_cfg.c **** 			/* address, size */
 283:.\Generated_Source\PSoC5/cyfitter_cfg.c **** 			{(void CYFAR *)(CYREG_PRT0_DR), 48u},
 284:.\Generated_Source\PSoC5/cyfitter_cfg.c **** 			{(void CYFAR *)(CYREG_PRT4_DR), 48u},
 285:.\Generated_Source\PSoC5/cyfitter_cfg.c **** 			{(void CYFAR *)(CYREG_PRT12_DR), 16u},
 286:.\Generated_Source\PSoC5/cyfitter_cfg.c **** 			{(void CYFAR *)(CYREG_PRT15_DR), 16u},
 287:.\Generated_Source\PSoC5/cyfitter_cfg.c **** 			{(void CYFAR *)(CYDEV_UCFG_B0_P0_U0_BASE), 4096u},
 288:.\Generated_Source\PSoC5/cyfitter_cfg.c **** 			{(void CYFAR *)(CYDEV_UCFG_B1_P2_U0_BASE), 2048u},
 289:.\Generated_Source\PSoC5/cyfitter_cfg.c **** 			{(void CYFAR *)(CYDEV_UCFG_DSI0_BASE), 2560u},
 290:.\Generated_Source\PSoC5/cyfitter_cfg.c **** 			{(void CYFAR *)(CYDEV_UCFG_DSI12_BASE), 512u},
 291:.\Generated_Source\PSoC5/cyfitter_cfg.c **** 			{(void CYFAR *)(CYREG_BCTL0_MDCLK_EN), 32u},
 292:.\Generated_Source\PSoC5/cyfitter_cfg.c **** 		};
 293:.\Generated_Source\PSoC5/cyfitter_cfg.c **** 
 294:.\Generated_Source\PSoC5/cyfitter_cfg.c **** 		uint8 CYDATA i;
 295:.\Generated_Source\PSoC5/cyfitter_cfg.c **** 
 296:.\Generated_Source\PSoC5/cyfitter_cfg.c **** 		/* Zero out critical memory blocks before beginning configuration */
 297:.\Generated_Source\PSoC5/cyfitter_cfg.c **** 		for (i = 0u; i < (sizeof(cfg_memset_list)/sizeof(cfg_memset_list[0])); i++)
 437              		.loc 1 297 0
 438 0024 4FF00003 		mov	r3, #0
 439 0028 FB71     		strb	r3, [r7, #7]
 440 002a 19E0     		b	.L16
 441              	.L17:
 442              	.LBB3:
ARM GAS  C:\Users\GBMHUN~1\AppData\Local\Temp\ccmK4CkP.s 			page 14


 298:.\Generated_Source\PSoC5/cyfitter_cfg.c **** 		{
 299:.\Generated_Source\PSoC5/cyfitter_cfg.c **** 			const cfg_memset_t CYCODE * CYDATA ms = &cfg_memset_list[i];
 443              		.loc 1 299 0 discriminator 2
 444 002c FA79     		ldrb	r2, [r7, #7]	@ zero_extendqisi2
 445 002e 1346     		mov	r3, r2
 446 0030 4FEA4303 		lsl	r3, r3, #1
 447 0034 9B18     		adds	r3, r3, r2
 448 0036 4FEA4303 		lsl	r3, r3, #1
 449 003a 40F20002 		movw	r2, #:lower16:cfg_memset_list.4787
 450 003e C0F20002 		movt	r2, #:upper16:cfg_memset_list.4787
 451 0042 9B18     		adds	r3, r3, r2
 452 0044 3B60     		str	r3, [r7, #0]
 300:.\Generated_Source\PSoC5/cyfitter_cfg.c **** 			CYMEMZERO(ms->address, (uint32)(ms->size));
 453              		.loc 1 300 0 discriminator 2
 454 0046 3B68     		ldr	r3, [r7, #0]
 455 0048 1A68     		ldr	r2, [r3, #0]	@ unaligned
 456 004a 3B68     		ldr	r3, [r7, #0]
 457 004c 9B88     		ldrh	r3, [r3, #4]	@ unaligned
 458 004e 9BB2     		uxth	r3, r3
 459 0050 1046     		mov	r0, r2
 460 0052 1946     		mov	r1, r3
 461 0054 FFF7FEFF 		bl	CYMEMZERO
 462              	.LBE3:
 297:.\Generated_Source\PSoC5/cyfitter_cfg.c **** 		for (i = 0u; i < (sizeof(cfg_memset_list)/sizeof(cfg_memset_list[0])); i++)
 463              		.loc 1 297 0 discriminator 2
 464 0058 FB79     		ldrb	r3, [r7, #7]
 465 005a 03F10103 		add	r3, r3, #1
 466 005e FB71     		strb	r3, [r7, #7]
 467              	.L16:
 297:.\Generated_Source\PSoC5/cyfitter_cfg.c **** 		for (i = 0u; i < (sizeof(cfg_memset_list)/sizeof(cfg_memset_list[0])); i++)
 468              		.loc 1 297 0 is_stmt 0 discriminator 1
 469 0060 FB79     		ldrb	r3, [r7, #7]	@ zero_extendqisi2
 470 0062 082B     		cmp	r3, #8
 471 0064 E2D9     		bls	.L17
 301:.\Generated_Source\PSoC5/cyfitter_cfg.c **** 		}
 302:.\Generated_Source\PSoC5/cyfitter_cfg.c **** 
 303:.\Generated_Source\PSoC5/cyfitter_cfg.c **** 		/* Enable digital routing */
 304:.\Generated_Source\PSoC5/cyfitter_cfg.c **** 		CY_SET_XTND_REG8((void CYFAR *)CYREG_BCTL0_BANK_CTL, CY_GET_XTND_REG8((void CYFAR *)CYREG_BCTL0_B
 472              		.loc 1 304 0 is_stmt 1
 473 0066 45F20303 		movw	r3, #20483
 474 006a C4F20103 		movt	r3, 16385
 475 006e 45F20302 		movw	r2, #20483
 476 0072 C4F20102 		movt	r2, 16385
 477 0076 1278     		ldrb	r2, [r2, #0]
 478 0078 D2B2     		uxtb	r2, r2
 479 007a 42F00202 		orr	r2, r2, #2
 480 007e D2B2     		uxtb	r2, r2
 481 0080 1A70     		strb	r2, [r3, #0]
 305:.\Generated_Source\PSoC5/cyfitter_cfg.c **** 		CY_SET_XTND_REG8((void CYFAR *)CYREG_BCTL1_BANK_CTL, CY_GET_XTND_REG8((void CYFAR *)CYREG_BCTL1_B
 482              		.loc 1 305 0
 483 0082 45F21303 		movw	r3, #20499
 484 0086 C4F20103 		movt	r3, 16385
 485 008a 45F21302 		movw	r2, #20499
 486 008e C4F20102 		movt	r2, 16385
 487 0092 1278     		ldrb	r2, [r2, #0]
 488 0094 D2B2     		uxtb	r2, r2
 489 0096 42F00202 		orr	r2, r2, #2
ARM GAS  C:\Users\GBMHUN~1\AppData\Local\Temp\ccmK4CkP.s 			page 15


 490 009a D2B2     		uxtb	r2, r2
 491 009c 1A70     		strb	r2, [r3, #0]
 306:.\Generated_Source\PSoC5/cyfitter_cfg.c **** 
 307:.\Generated_Source\PSoC5/cyfitter_cfg.c **** 		/* Enable UDB array */
 308:.\Generated_Source\PSoC5/cyfitter_cfg.c **** 		CY_SET_XTND_REG8((void CYFAR *)CYREG_PM_ACT_CFG0, CY_GET_XTND_REG8((void CYFAR *)CYREG_PM_ACT_CFG
 492              		.loc 1 308 0
 493 009e 44F2A033 		movw	r3, #17312
 494 00a2 C4F20003 		movt	r3, 16384
 495 00a6 44F2A032 		movw	r2, #17312
 496 00aa C4F20002 		movt	r2, 16384
 497 00ae 1278     		ldrb	r2, [r2, #0]
 498 00b0 D2B2     		uxtb	r2, r2
 499 00b2 42F04002 		orr	r2, r2, #64
 500 00b6 D2B2     		uxtb	r2, r2
 501 00b8 1A70     		strb	r2, [r3, #0]
 309:.\Generated_Source\PSoC5/cyfitter_cfg.c **** 		CY_SET_XTND_REG8((void CYFAR *)CYREG_PM_AVAIL_CR2, CY_GET_XTND_REG8((void CYFAR *)CYREG_PM_AVAIL_
 502              		.loc 1 309 0
 503 00ba 44F2C233 		movw	r3, #17346
 504 00be C4F20003 		movt	r3, 16384
 505 00c2 44F2C232 		movw	r2, #17346
 506 00c6 C4F20002 		movt	r2, 16384
 507 00ca 1278     		ldrb	r2, [r2, #0]
 508 00cc D2B2     		uxtb	r2, r2
 509 00ce 42F01002 		orr	r2, r2, #16
 510 00d2 D2B2     		uxtb	r2, r2
 511 00d4 1A70     		strb	r2, [r3, #0]
 512              	.LBE2:
 310:.\Generated_Source\PSoC5/cyfitter_cfg.c **** 	}
 311:.\Generated_Source\PSoC5/cyfitter_cfg.c **** 
 312:.\Generated_Source\PSoC5/cyfitter_cfg.c **** 	/* Perform second pass device configuration. These items must be configured in specific order afte
 313:.\Generated_Source\PSoC5/cyfitter_cfg.c **** 	CYCONFIGCPY((void CYFAR *)(CYREG_PRT3_DM0), (const void CYFAR *)(BS_IOPINS0_3_VAL), 8u);
 513              		.loc 1 313 0
 514 00d6 45F23210 		movw	r0, #20786
 515 00da C4F20000 		movt	r0, 16384
 516 00de 4FF09041 		mov	r1, #1207959552
 517 00e2 4FF00802 		mov	r2, #8
 518 00e6 FFF7FEFF 		bl	CYCONFIGCPY
 314:.\Generated_Source\PSoC5/cyfitter_cfg.c **** 
 315:.\Generated_Source\PSoC5/cyfitter_cfg.c **** 	/* Switch Boost to the precision bandgap reference from its internal reference */
 316:.\Generated_Source\PSoC5/cyfitter_cfg.c **** 	CY_SET_REG8((void CYXDATA *)CYREG_BOOST_CR2, (CY_GET_REG8((void CYXDATA *)CYREG_BOOST_CR2) | 0x08u
 519              		.loc 1 316 0
 520 00ea 44F22233 		movw	r3, #17186
 521 00ee C4F20003 		movt	r3, 16384
 522 00f2 44F22232 		movw	r2, #17186
 523 00f6 C4F20002 		movt	r2, 16384
 524 00fa 1278     		ldrb	r2, [r2, #0]
 525 00fc D2B2     		uxtb	r2, r2
 526 00fe 42F00802 		orr	r2, r2, #8
 527 0102 D2B2     		uxtb	r2, r2
 528 0104 1A70     		strb	r2, [r3, #0]
 317:.\Generated_Source\PSoC5/cyfitter_cfg.c **** 
 318:.\Generated_Source\PSoC5/cyfitter_cfg.c **** 	/* Set Flash Cycles based on max possible frequency in case a glitch occurs during ClockSetup(). *
 319:.\Generated_Source\PSoC5/cyfitter_cfg.c **** 	CY_SET_XTND_REG8((void CYFAR *)(CYREG_CACHE_CC_CTL), (((CYDEV_INSTRUCT_CACHE_ENABLED) != 0) ? 0x01
 529              		.loc 1 319 0
 530 0106 4FF49043 		mov	r3, #18432
 531 010a C4F20003 		movt	r3, 16384
 532 010e 4FF00102 		mov	r2, #1
ARM GAS  C:\Users\GBMHUN~1\AppData\Local\Temp\ccmK4CkP.s 			page 16


 533 0112 1A70     		strb	r2, [r3, #0]
 320:.\Generated_Source\PSoC5/cyfitter_cfg.c **** 	/* Setup clocks based on selections from Clock DWR */
 321:.\Generated_Source\PSoC5/cyfitter_cfg.c **** 	ClockSetup();
 534              		.loc 1 321 0
 535 0114 FFF7FEFF 		bl	ClockSetup
 322:.\Generated_Source\PSoC5/cyfitter_cfg.c **** 	/* Set Flash Cycles based on newly configured 24.00MHz Bus Clock. */
 323:.\Generated_Source\PSoC5/cyfitter_cfg.c **** 	CY_SET_XTND_REG8((void CYFAR *)(CYREG_CACHE_CC_CTL), (((CYDEV_INSTRUCT_CACHE_ENABLED) != 0) ? 0x81
 536              		.loc 1 323 0
 537 0118 4FF49043 		mov	r3, #18432
 538 011c C4F20003 		movt	r3, 16384
 539 0120 4FF08102 		mov	r2, #129
 540 0124 1A70     		strb	r2, [r3, #0]
 324:.\Generated_Source\PSoC5/cyfitter_cfg.c **** 	CY_SET_XTND_REG8((void CYFAR *)(CYREG_PANTHER_WAITPIPE), 0x01u);
 541              		.loc 1 324 0
 542 0126 4FF00403 		mov	r3, #4
 543 012a C4F20803 		movt	r3, 16392
 544 012e 4FF00102 		mov	r2, #1
 545 0132 1A70     		strb	r2, [r3, #0]
 325:.\Generated_Source\PSoC5/cyfitter_cfg.c **** 
 326:.\Generated_Source\PSoC5/cyfitter_cfg.c **** 	/* Perform basic analog initialization to defaults */
 327:.\Generated_Source\PSoC5/cyfitter_cfg.c **** 	AnalogSetDefault();
 546              		.loc 1 327 0
 547 0134 FFF7FEFF 		bl	AnalogSetDefault
 328:.\Generated_Source\PSoC5/cyfitter_cfg.c **** 
 329:.\Generated_Source\PSoC5/cyfitter_cfg.c **** 	/* Configure alternate active mode */
 330:.\Generated_Source\PSoC5/cyfitter_cfg.c **** 	CYCONFIGCPY((void CYFAR *)CYDEV_PM_STBY_BASE, (const void CYFAR *)CYDEV_PM_ACT_BASE, 14u);
 548              		.loc 1 330 0
 549 0138 44F2B030 		movw	r0, #17328
 550 013c C4F20000 		movt	r0, 16384
 551 0140 44F2A031 		movw	r1, #17312
 552 0144 C4F20001 		movt	r1, 16384
 553 0148 4FF00E02 		mov	r2, #14
 554 014c FFF7FEFF 		bl	CYCONFIGCPY
 331:.\Generated_Source\PSoC5/cyfitter_cfg.c **** }
 555              		.loc 1 331 0
 556 0150 07F10807 		add	r7, r7, #8
 557 0154 BD46     		mov	sp, r7
 558 0156 80BD     		pop	{r7, pc}
 559              		.cfi_endproc
 560              	.LFE7:
 561              		.size	cyfitter_cfg, .-cyfitter_cfg
 562              		.section	.rodata
 563              		.align	2
 564              		.type	cfg_memset_list.4787, %object
 565              		.size	cfg_memset_list.4787, 54
 566              	cfg_memset_list.4787:
 567 0000 00510040 		.word	1073762560
 568 0004 3000     		.short	48
 569 0006 40510040 		.4byte	1073762624
 570 000a 3000     		.short	48
 571 000c C0510040 		.word	1073762752
 572 0010 1000     		.short	16
 573 0012 F0510040 		.4byte	1073762800
 574 0016 1000     		.short	16
 575 0018 00000140 		.word	1073807360
 576 001c 0010     		.short	4096
 577 001e 00140140 		.4byte	1073812480
ARM GAS  C:\Users\GBMHUN~1\AppData\Local\Temp\ccmK4CkP.s 			page 17


 578 0022 0008     		.short	2048
 579 0024 00400140 		.word	1073823744
 580 0028 000A     		.short	2560
 581 002a 004C0140 		.4byte	1073826816
 582 002e 0002     		.short	512
 583 0030 00500140 		.word	1073827840
 584 0034 2000     		.short	32
 585 0036 0000     		.text
 586              	.Letext0:
 587              		.file 2 "c:\\program files (x86)\\cypress\\psoc creator\\3.0\\psoc creator\\import\\gnu_cs\\arm\\4
 588              		.file 3 "./Generated_Source/PSoC5/cytypes.h"
 589              		.section	.debug_info,"",%progbits
 590              	.Ldebug_info0:
 591 0000 FD020000 		.4byte	0x2fd
 592 0004 0200     		.2byte	0x2
 593 0006 00000000 		.4byte	.Ldebug_abbrev0
 594 000a 04       		.byte	0x4
 595 000b 01       		.uleb128 0x1
 596 000c 9C010000 		.4byte	.LASF36
 597 0010 01       		.byte	0x1
 598 0011 E5010000 		.4byte	.LASF37
 599 0015 1E000000 		.4byte	.LASF38
 600 0019 00000000 		.4byte	.Ldebug_ranges0+0
 601 001d 00000000 		.4byte	0
 602 0021 00000000 		.4byte	0
 603 0025 00000000 		.4byte	.Ldebug_line0
 604 0029 02       		.uleb128 0x2
 605 002a 01       		.byte	0x1
 606 002b 06       		.byte	0x6
 607 002c 35020000 		.4byte	.LASF0
 608 0030 02       		.uleb128 0x2
 609 0031 01       		.byte	0x1
 610 0032 08       		.byte	0x8
 611 0033 00010000 		.4byte	.LASF1
 612 0037 02       		.uleb128 0x2
 613 0038 02       		.byte	0x2
 614 0039 05       		.byte	0x5
 615 003a 92010000 		.4byte	.LASF2
 616 003e 02       		.uleb128 0x2
 617 003f 02       		.byte	0x2
 618 0040 07       		.byte	0x7
 619 0041 84000000 		.4byte	.LASF3
 620 0045 03       		.uleb128 0x3
 621 0046 04       		.byte	0x4
 622 0047 05       		.byte	0x5
 623 0048 696E7400 		.ascii	"int\000"
 624 004c 02       		.uleb128 0x2
 625 004d 04       		.byte	0x4
 626 004e 07       		.byte	0x7
 627 004f 3A010000 		.4byte	.LASF4
 628 0053 02       		.uleb128 0x2
 629 0054 08       		.byte	0x8
 630 0055 05       		.byte	0x5
 631 0056 7C010000 		.4byte	.LASF5
 632 005a 02       		.uleb128 0x2
 633 005b 08       		.byte	0x8
 634 005c 07       		.byte	0x7
ARM GAS  C:\Users\GBMHUN~1\AppData\Local\Temp\ccmK4CkP.s 			page 18


 635 005d 4F010000 		.4byte	.LASF6
 636 0061 02       		.uleb128 0x2
 637 0062 04       		.byte	0x4
 638 0063 05       		.byte	0x5
 639 0064 15020000 		.4byte	.LASF7
 640 0068 02       		.uleb128 0x2
 641 0069 04       		.byte	0x4
 642 006a 07       		.byte	0x7
 643 006b 73010000 		.4byte	.LASF8
 644 006f 04       		.uleb128 0x4
 645 0070 04       		.byte	0x4
 646 0071 02       		.uleb128 0x2
 647 0072 04       		.byte	0x4
 648 0073 07       		.byte	0x7
 649 0074 C8000000 		.4byte	.LASF9
 650 0078 02       		.uleb128 0x2
 651 0079 01       		.byte	0x1
 652 007a 08       		.byte	0x8
 653 007b 1E020000 		.4byte	.LASF10
 654 007f 05       		.uleb128 0x5
 655 0080 06000000 		.4byte	.LASF11
 656 0084 02       		.byte	0x2
 657 0085 D5       		.byte	0xd5
 658 0086 4C000000 		.4byte	0x4c
 659 008a 05       		.uleb128 0x5
 660 008b DA000000 		.4byte	.LASF12
 661 008f 03       		.byte	0x3
 662 0090 5B       		.byte	0x5b
 663 0091 30000000 		.4byte	0x30
 664 0095 05       		.uleb128 0x5
 665 0096 22010000 		.4byte	.LASF13
 666 009a 03       		.byte	0x3
 667 009b 5C       		.byte	0x5c
 668 009c 3E000000 		.4byte	0x3e
 669 00a0 05       		.uleb128 0x5
 670 00a1 33010000 		.4byte	.LASF14
 671 00a5 03       		.byte	0x3
 672 00a6 5D       		.byte	0x5d
 673 00a7 71000000 		.4byte	0x71
 674 00ab 02       		.uleb128 0x2
 675 00ac 04       		.byte	0x4
 676 00ad 04       		.byte	0x4
 677 00ae 9F000000 		.4byte	.LASF15
 678 00b2 02       		.uleb128 0x2
 679 00b3 08       		.byte	0x8
 680 00b4 04       		.byte	0x4
 681 00b5 0E010000 		.4byte	.LASF16
 682 00b9 05       		.uleb128 0x5
 683 00ba C3000000 		.4byte	.LASF17
 684 00be 03       		.byte	0x3
 685 00bf F0       		.byte	0xf0
 686 00c0 C4000000 		.4byte	0xc4
 687 00c4 06       		.uleb128 0x6
 688 00c5 8A000000 		.4byte	0x8a
 689 00c9 05       		.uleb128 0x5
 690 00ca 00000000 		.4byte	.LASF18
 691 00ce 03       		.byte	0x3
ARM GAS  C:\Users\GBMHUN~1\AppData\Local\Temp\ccmK4CkP.s 			page 19


 692 00cf F1       		.byte	0xf1
 693 00d0 D4000000 		.4byte	0xd4
 694 00d4 06       		.uleb128 0x6
 695 00d5 95000000 		.4byte	0x95
 696 00d9 07       		.uleb128 0x7
 697 00da E0000000 		.4byte	.LASF19
 698 00de 01       		.byte	0x1
 699 00df 3B       		.byte	0x3b
 700 00e0 01       		.byte	0x1
 701 00e1 00000000 		.4byte	.LFB0
 702 00e5 1E000000 		.4byte	.LFE0
 703 00e9 00000000 		.4byte	.LLST0
 704 00ed 01       		.byte	0x1
 705 00ee 0B010000 		.4byte	0x10b
 706 00f2 08       		.uleb128 0x8
 707 00f3 7300     		.ascii	"s\000"
 708 00f5 01       		.byte	0x1
 709 00f6 3B       		.byte	0x3b
 710 00f7 6F000000 		.4byte	0x6f
 711 00fb 02       		.byte	0x2
 712 00fc 91       		.byte	0x91
 713 00fd 74       		.sleb128 -12
 714 00fe 08       		.uleb128 0x8
 715 00ff 6E00     		.ascii	"n\000"
 716 0101 01       		.byte	0x1
 717 0102 3B       		.byte	0x3b
 718 0103 7F000000 		.4byte	0x7f
 719 0107 02       		.byte	0x2
 720 0108 91       		.byte	0x91
 721 0109 70       		.sleb128 -16
 722 010a 00       		.byte	0
 723 010b 07       		.uleb128 0x7
 724 010c 4A020000 		.4byte	.LASF20
 725 0110 01       		.byte	0x1
 726 0111 42       		.byte	0x42
 727 0112 01       		.byte	0x1
 728 0113 00000000 		.4byte	.LFB1
 729 0117 1E000000 		.4byte	.LFE1
 730 011b 38000000 		.4byte	.LLST1
 731 011f 01       		.byte	0x1
 732 0120 4D010000 		.4byte	0x14d
 733 0124 09       		.uleb128 0x9
 734 0125 B9000000 		.4byte	.LASF21
 735 0129 01       		.byte	0x1
 736 012a 42       		.byte	0x42
 737 012b 6F000000 		.4byte	0x6f
 738 012f 02       		.byte	0x2
 739 0130 91       		.byte	0x91
 740 0131 74       		.sleb128 -12
 741 0132 08       		.uleb128 0x8
 742 0133 73726300 		.ascii	"src\000"
 743 0137 01       		.byte	0x1
 744 0138 42       		.byte	0x42
 745 0139 4D010000 		.4byte	0x14d
 746 013d 02       		.byte	0x2
 747 013e 91       		.byte	0x91
 748 013f 70       		.sleb128 -16
ARM GAS  C:\Users\GBMHUN~1\AppData\Local\Temp\ccmK4CkP.s 			page 20


 749 0140 08       		.uleb128 0x8
 750 0141 6E00     		.ascii	"n\000"
 751 0143 01       		.byte	0x1
 752 0144 42       		.byte	0x42
 753 0145 7F000000 		.4byte	0x7f
 754 0149 02       		.byte	0x2
 755 014a 91       		.byte	0x91
 756 014b 6C       		.sleb128 -20
 757 014c 00       		.byte	0
 758 014d 0A       		.uleb128 0xa
 759 014e 04       		.byte	0x4
 760 014f 53010000 		.4byte	0x153
 761 0153 0B       		.uleb128 0xb
 762 0154 07       		.uleb128 0x7
 763 0155 69000000 		.4byte	.LASF22
 764 0159 01       		.byte	0x1
 765 015a 49       		.byte	0x49
 766 015b 01       		.byte	0x1
 767 015c 00000000 		.4byte	.LFB2
 768 0160 1E000000 		.4byte	.LFE2
 769 0164 70000000 		.4byte	.LLST2
 770 0168 01       		.byte	0x1
 771 0169 96010000 		.4byte	0x196
 772 016d 09       		.uleb128 0x9
 773 016e B9000000 		.4byte	.LASF21
 774 0172 01       		.byte	0x1
 775 0173 49       		.byte	0x49
 776 0174 6F000000 		.4byte	0x6f
 777 0178 02       		.byte	0x2
 778 0179 91       		.byte	0x91
 779 017a 74       		.sleb128 -12
 780 017b 08       		.uleb128 0x8
 781 017c 73726300 		.ascii	"src\000"
 782 0180 01       		.byte	0x1
 783 0181 49       		.byte	0x49
 784 0182 4D010000 		.4byte	0x14d
 785 0186 02       		.byte	0x2
 786 0187 91       		.byte	0x91
 787 0188 70       		.sleb128 -16
 788 0189 08       		.uleb128 0x8
 789 018a 6E00     		.ascii	"n\000"
 790 018c 01       		.byte	0x1
 791 018d 49       		.byte	0x49
 792 018e 7F000000 		.4byte	0x7f
 793 0192 02       		.byte	0x2
 794 0193 91       		.byte	0x91
 795 0194 6C       		.sleb128 -20
 796 0195 00       		.byte	0
 797 0196 0C       		.uleb128 0xc
 798 0197 A5000000 		.4byte	.LASF23
 799 019b 01       		.byte	0x1
 800 019c 69       		.byte	0x69
 801 019d 01       		.byte	0x1
 802 019e 00000000 		.4byte	.LFB3
 803 01a2 0C000000 		.4byte	.LFE3
 804 01a6 A8000000 		.4byte	.LLST3
 805 01aa 01       		.byte	0x1
ARM GAS  C:\Users\GBMHUN~1\AppData\Local\Temp\ccmK4CkP.s 			page 21


 806 01ab BE010000 		.4byte	0x1be
 807 01af 09       		.uleb128 0x9
 808 01b0 29010000 		.4byte	.LASF24
 809 01b4 01       		.byte	0x1
 810 01b5 69       		.byte	0x69
 811 01b6 8A000000 		.4byte	0x8a
 812 01ba 02       		.byte	0x2
 813 01bb 91       		.byte	0x91
 814 01bc 77       		.sleb128 -9
 815 01bd 00       		.byte	0
 816 01be 07       		.uleb128 0x7
 817 01bf 79000000 		.4byte	.LASF25
 818 01c3 01       		.byte	0x1
 819 01c4 91       		.byte	0x91
 820 01c5 01       		.byte	0x1
 821 01c6 00000000 		.4byte	.LFB4
 822 01ca 16010000 		.4byte	.LFE4
 823 01ce E0000000 		.4byte	.LLST4
 824 01d2 01       		.byte	0x1
 825 01d3 F4010000 		.4byte	0x1f4
 826 01d7 0D       		.uleb128 0xd
 827 01d8 8A010000 		.4byte	.LASF26
 828 01dc 01       		.byte	0x1
 829 01dd 93       		.byte	0x93
 830 01de A0000000 		.4byte	0xa0
 831 01e2 02       		.byte	0x2
 832 01e3 91       		.byte	0x91
 833 01e4 74       		.sleb128 -12
 834 01e5 0D       		.uleb128 0xd
 835 01e6 97000000 		.4byte	.LASF27
 836 01ea 01       		.byte	0x1
 837 01eb 94       		.byte	0x94
 838 01ec 8A000000 		.4byte	0x8a
 839 01f0 02       		.byte	0x2
 840 01f1 91       		.byte	0x91
 841 01f2 73       		.sleb128 -13
 842 01f3 00       		.byte	0
 843 01f4 0C       		.uleb128 0xc
 844 01f5 0D000000 		.4byte	.LASF28
 845 01f9 01       		.byte	0x1
 846 01fa CC       		.byte	0xcc
 847 01fb 01       		.byte	0x1
 848 01fc 00000000 		.4byte	.LFB5
 849 0200 4E000000 		.4byte	.LFE5
 850 0204 18010000 		.4byte	.LLST5
 851 0208 01       		.byte	0x1
 852 0209 1C020000 		.4byte	0x21c
 853 020d 0D       		.uleb128 0xd
 854 020e 23020000 		.4byte	.LASF29
 855 0212 01       		.byte	0x1
 856 0213 CE       		.byte	0xce
 857 0214 8A000000 		.4byte	0x8a
 858 0218 02       		.byte	0x2
 859 0219 91       		.byte	0x91
 860 021a 77       		.sleb128 -9
 861 021b 00       		.byte	0
 862 021c 0E       		.uleb128 0xe
ARM GAS  C:\Users\GBMHUN~1\AppData\Local\Temp\ccmK4CkP.s 			page 22


 863 021d 01       		.byte	0x1
 864 021e EA000000 		.4byte	.LASF39
 865 0222 01       		.byte	0x1
 866 0223 E6       		.byte	0xe6
 867 0224 01       		.byte	0x1
 868 0225 00000000 		.4byte	.LFB6
 869 0229 32000000 		.4byte	.LFE6
 870 022d 50010000 		.4byte	.LLST6
 871 0231 01       		.byte	0x1
 872 0232 53020000 		.4byte	0x253
 873 0236 09       		.uleb128 0x9
 874 0237 0D020000 		.4byte	.LASF30
 875 023b 01       		.byte	0x1
 876 023c E6       		.byte	0xe6
 877 023d 8A000000 		.4byte	0x8a
 878 0241 02       		.byte	0x2
 879 0242 91       		.byte	0x91
 880 0243 6F       		.sleb128 -17
 881 0244 0D       		.uleb128 0xd
 882 0245 41020000 		.4byte	.LASF31
 883 0249 01       		.byte	0x1
 884 024a E8       		.byte	0xe8
 885 024b 8A000000 		.4byte	0x8a
 886 024f 02       		.byte	0x2
 887 0250 91       		.byte	0x91
 888 0251 77       		.sleb128 -9
 889 0252 00       		.byte	0
 890 0253 0F       		.uleb128 0xf
 891 0254 01       		.byte	0x1
 892 0255 15010000 		.4byte	.LASF40
 893 0259 01       		.byte	0x1
 894 025a 0801     		.2byte	0x108
 895 025c 01       		.byte	0x1
 896 025d 00000000 		.4byte	.LFB7
 897 0261 58010000 		.4byte	.LFE7
 898 0265 88010000 		.4byte	.LLST7
 899 0269 01       		.byte	0x1
 900 026a 10       		.uleb128 0x10
 901 026b 24000000 		.4byte	.LBB2
 902 026f D6000000 		.4byte	.LBE2
 903 0273 11       		.uleb128 0x11
 904 0274 06       		.byte	0x6
 905 0275 01       		.byte	0x1
 906 0276 1401     		.2byte	0x114
 907 0278 9B020000 		.4byte	0x29b
 908 027c 12       		.uleb128 0x12
 909 027d 47010000 		.4byte	.LASF32
 910 0281 01       		.byte	0x1
 911 0282 1501     		.2byte	0x115
 912 0284 6F000000 		.4byte	0x6f
 913 0288 02       		.byte	0x2
 914 0289 23       		.byte	0x23
 915 028a 00       		.uleb128 0
 916 028b 12       		.uleb128 0x12
 917 028c BE000000 		.4byte	.LASF33
 918 0290 01       		.byte	0x1
 919 0291 1601     		.2byte	0x116
ARM GAS  C:\Users\GBMHUN~1\AppData\Local\Temp\ccmK4CkP.s 			page 23


 920 0293 95000000 		.4byte	0x95
 921 0297 02       		.byte	0x2
 922 0298 23       		.byte	0x23
 923 0299 04       		.uleb128 0x4
 924 029a 00       		.byte	0
 925 029b 13       		.uleb128 0x13
 926 029c 66010000 		.4byte	.LASF34
 927 02a0 01       		.byte	0x1
 928 02a1 1701     		.2byte	0x117
 929 02a3 73020000 		.4byte	0x273
 930 02a7 14       		.uleb128 0x14
 931 02a8 9B020000 		.4byte	0x29b
 932 02ac B7020000 		.4byte	0x2b7
 933 02b0 15       		.uleb128 0x15
 934 02b1 68000000 		.4byte	0x68
 935 02b5 08       		.byte	0x8
 936 02b6 00       		.byte	0
 937 02b7 16       		.uleb128 0x16
 938 02b8 59000000 		.4byte	.LASF35
 939 02bc 01       		.byte	0x1
 940 02bd 1901     		.2byte	0x119
 941 02bf C9020000 		.4byte	0x2c9
 942 02c3 05       		.byte	0x5
 943 02c4 03       		.byte	0x3
 944 02c5 00000000 		.4byte	cfg_memset_list.4787
 945 02c9 17       		.uleb128 0x17
 946 02ca A7020000 		.4byte	0x2a7
 947 02ce 18       		.uleb128 0x18
 948 02cf 6900     		.ascii	"i\000"
 949 02d1 01       		.byte	0x1
 950 02d2 2601     		.2byte	0x126
 951 02d4 8A000000 		.4byte	0x8a
 952 02d8 02       		.byte	0x2
 953 02d9 91       		.byte	0x91
 954 02da 77       		.sleb128 -9
 955 02db 10       		.uleb128 0x10
 956 02dc 2C000000 		.4byte	.LBB3
 957 02e0 58000000 		.4byte	.LBE3
 958 02e4 18       		.uleb128 0x18
 959 02e5 6D7300   		.ascii	"ms\000"
 960 02e8 01       		.byte	0x1
 961 02e9 2B01     		.2byte	0x12b
 962 02eb F2020000 		.4byte	0x2f2
 963 02ef 02       		.byte	0x2
 964 02f0 91       		.byte	0x91
 965 02f1 70       		.sleb128 -16
 966 02f2 0A       		.uleb128 0xa
 967 02f3 04       		.byte	0x4
 968 02f4 F8020000 		.4byte	0x2f8
 969 02f8 17       		.uleb128 0x17
 970 02f9 9B020000 		.4byte	0x29b
 971 02fd 00       		.byte	0
 972 02fe 00       		.byte	0
 973 02ff 00       		.byte	0
 974 0300 00       		.byte	0
 975              		.section	.debug_abbrev,"",%progbits
 976              	.Ldebug_abbrev0:
ARM GAS  C:\Users\GBMHUN~1\AppData\Local\Temp\ccmK4CkP.s 			page 24


 977 0000 01       		.uleb128 0x1
 978 0001 11       		.uleb128 0x11
 979 0002 01       		.byte	0x1
 980 0003 25       		.uleb128 0x25
 981 0004 0E       		.uleb128 0xe
 982 0005 13       		.uleb128 0x13
 983 0006 0B       		.uleb128 0xb
 984 0007 03       		.uleb128 0x3
 985 0008 0E       		.uleb128 0xe
 986 0009 1B       		.uleb128 0x1b
 987 000a 0E       		.uleb128 0xe
 988 000b 55       		.uleb128 0x55
 989 000c 06       		.uleb128 0x6
 990 000d 11       		.uleb128 0x11
 991 000e 01       		.uleb128 0x1
 992 000f 52       		.uleb128 0x52
 993 0010 01       		.uleb128 0x1
 994 0011 10       		.uleb128 0x10
 995 0012 06       		.uleb128 0x6
 996 0013 00       		.byte	0
 997 0014 00       		.byte	0
 998 0015 02       		.uleb128 0x2
 999 0016 24       		.uleb128 0x24
 1000 0017 00       		.byte	0
 1001 0018 0B       		.uleb128 0xb
 1002 0019 0B       		.uleb128 0xb
 1003 001a 3E       		.uleb128 0x3e
 1004 001b 0B       		.uleb128 0xb
 1005 001c 03       		.uleb128 0x3
 1006 001d 0E       		.uleb128 0xe
 1007 001e 00       		.byte	0
 1008 001f 00       		.byte	0
 1009 0020 03       		.uleb128 0x3
 1010 0021 24       		.uleb128 0x24
 1011 0022 00       		.byte	0
 1012 0023 0B       		.uleb128 0xb
 1013 0024 0B       		.uleb128 0xb
 1014 0025 3E       		.uleb128 0x3e
 1015 0026 0B       		.uleb128 0xb
 1016 0027 03       		.uleb128 0x3
 1017 0028 08       		.uleb128 0x8
 1018 0029 00       		.byte	0
 1019 002a 00       		.byte	0
 1020 002b 04       		.uleb128 0x4
 1021 002c 0F       		.uleb128 0xf
 1022 002d 00       		.byte	0
 1023 002e 0B       		.uleb128 0xb
 1024 002f 0B       		.uleb128 0xb
 1025 0030 00       		.byte	0
 1026 0031 00       		.byte	0
 1027 0032 05       		.uleb128 0x5
 1028 0033 16       		.uleb128 0x16
 1029 0034 00       		.byte	0
 1030 0035 03       		.uleb128 0x3
 1031 0036 0E       		.uleb128 0xe
 1032 0037 3A       		.uleb128 0x3a
 1033 0038 0B       		.uleb128 0xb
ARM GAS  C:\Users\GBMHUN~1\AppData\Local\Temp\ccmK4CkP.s 			page 25


 1034 0039 3B       		.uleb128 0x3b
 1035 003a 0B       		.uleb128 0xb
 1036 003b 49       		.uleb128 0x49
 1037 003c 13       		.uleb128 0x13
 1038 003d 00       		.byte	0
 1039 003e 00       		.byte	0
 1040 003f 06       		.uleb128 0x6
 1041 0040 35       		.uleb128 0x35
 1042 0041 00       		.byte	0
 1043 0042 49       		.uleb128 0x49
 1044 0043 13       		.uleb128 0x13
 1045 0044 00       		.byte	0
 1046 0045 00       		.byte	0
 1047 0046 07       		.uleb128 0x7
 1048 0047 2E       		.uleb128 0x2e
 1049 0048 01       		.byte	0x1
 1050 0049 03       		.uleb128 0x3
 1051 004a 0E       		.uleb128 0xe
 1052 004b 3A       		.uleb128 0x3a
 1053 004c 0B       		.uleb128 0xb
 1054 004d 3B       		.uleb128 0x3b
 1055 004e 0B       		.uleb128 0xb
 1056 004f 27       		.uleb128 0x27
 1057 0050 0C       		.uleb128 0xc
 1058 0051 11       		.uleb128 0x11
 1059 0052 01       		.uleb128 0x1
 1060 0053 12       		.uleb128 0x12
 1061 0054 01       		.uleb128 0x1
 1062 0055 40       		.uleb128 0x40
 1063 0056 06       		.uleb128 0x6
 1064 0057 9642     		.uleb128 0x2116
 1065 0059 0C       		.uleb128 0xc
 1066 005a 01       		.uleb128 0x1
 1067 005b 13       		.uleb128 0x13
 1068 005c 00       		.byte	0
 1069 005d 00       		.byte	0
 1070 005e 08       		.uleb128 0x8
 1071 005f 05       		.uleb128 0x5
 1072 0060 00       		.byte	0
 1073 0061 03       		.uleb128 0x3
 1074 0062 08       		.uleb128 0x8
 1075 0063 3A       		.uleb128 0x3a
 1076 0064 0B       		.uleb128 0xb
 1077 0065 3B       		.uleb128 0x3b
 1078 0066 0B       		.uleb128 0xb
 1079 0067 49       		.uleb128 0x49
 1080 0068 13       		.uleb128 0x13
 1081 0069 02       		.uleb128 0x2
 1082 006a 0A       		.uleb128 0xa
 1083 006b 00       		.byte	0
 1084 006c 00       		.byte	0
 1085 006d 09       		.uleb128 0x9
 1086 006e 05       		.uleb128 0x5
 1087 006f 00       		.byte	0
 1088 0070 03       		.uleb128 0x3
 1089 0071 0E       		.uleb128 0xe
 1090 0072 3A       		.uleb128 0x3a
ARM GAS  C:\Users\GBMHUN~1\AppData\Local\Temp\ccmK4CkP.s 			page 26


 1091 0073 0B       		.uleb128 0xb
 1092 0074 3B       		.uleb128 0x3b
 1093 0075 0B       		.uleb128 0xb
 1094 0076 49       		.uleb128 0x49
 1095 0077 13       		.uleb128 0x13
 1096 0078 02       		.uleb128 0x2
 1097 0079 0A       		.uleb128 0xa
 1098 007a 00       		.byte	0
 1099 007b 00       		.byte	0
 1100 007c 0A       		.uleb128 0xa
 1101 007d 0F       		.uleb128 0xf
 1102 007e 00       		.byte	0
 1103 007f 0B       		.uleb128 0xb
 1104 0080 0B       		.uleb128 0xb
 1105 0081 49       		.uleb128 0x49
 1106 0082 13       		.uleb128 0x13
 1107 0083 00       		.byte	0
 1108 0084 00       		.byte	0
 1109 0085 0B       		.uleb128 0xb
 1110 0086 26       		.uleb128 0x26
 1111 0087 00       		.byte	0
 1112 0088 00       		.byte	0
 1113 0089 00       		.byte	0
 1114 008a 0C       		.uleb128 0xc
 1115 008b 2E       		.uleb128 0x2e
 1116 008c 01       		.byte	0x1
 1117 008d 03       		.uleb128 0x3
 1118 008e 0E       		.uleb128 0xe
 1119 008f 3A       		.uleb128 0x3a
 1120 0090 0B       		.uleb128 0xb
 1121 0091 3B       		.uleb128 0x3b
 1122 0092 0B       		.uleb128 0xb
 1123 0093 27       		.uleb128 0x27
 1124 0094 0C       		.uleb128 0xc
 1125 0095 11       		.uleb128 0x11
 1126 0096 01       		.uleb128 0x1
 1127 0097 12       		.uleb128 0x12
 1128 0098 01       		.uleb128 0x1
 1129 0099 40       		.uleb128 0x40
 1130 009a 06       		.uleb128 0x6
 1131 009b 9742     		.uleb128 0x2117
 1132 009d 0C       		.uleb128 0xc
 1133 009e 01       		.uleb128 0x1
 1134 009f 13       		.uleb128 0x13
 1135 00a0 00       		.byte	0
 1136 00a1 00       		.byte	0
 1137 00a2 0D       		.uleb128 0xd
 1138 00a3 34       		.uleb128 0x34
 1139 00a4 00       		.byte	0
 1140 00a5 03       		.uleb128 0x3
 1141 00a6 0E       		.uleb128 0xe
 1142 00a7 3A       		.uleb128 0x3a
 1143 00a8 0B       		.uleb128 0xb
 1144 00a9 3B       		.uleb128 0x3b
 1145 00aa 0B       		.uleb128 0xb
 1146 00ab 49       		.uleb128 0x49
 1147 00ac 13       		.uleb128 0x13
ARM GAS  C:\Users\GBMHUN~1\AppData\Local\Temp\ccmK4CkP.s 			page 27


 1148 00ad 02       		.uleb128 0x2
 1149 00ae 0A       		.uleb128 0xa
 1150 00af 00       		.byte	0
 1151 00b0 00       		.byte	0
 1152 00b1 0E       		.uleb128 0xe
 1153 00b2 2E       		.uleb128 0x2e
 1154 00b3 01       		.byte	0x1
 1155 00b4 3F       		.uleb128 0x3f
 1156 00b5 0C       		.uleb128 0xc
 1157 00b6 03       		.uleb128 0x3
 1158 00b7 0E       		.uleb128 0xe
 1159 00b8 3A       		.uleb128 0x3a
 1160 00b9 0B       		.uleb128 0xb
 1161 00ba 3B       		.uleb128 0x3b
 1162 00bb 0B       		.uleb128 0xb
 1163 00bc 27       		.uleb128 0x27
 1164 00bd 0C       		.uleb128 0xc
 1165 00be 11       		.uleb128 0x11
 1166 00bf 01       		.uleb128 0x1
 1167 00c0 12       		.uleb128 0x12
 1168 00c1 01       		.uleb128 0x1
 1169 00c2 40       		.uleb128 0x40
 1170 00c3 06       		.uleb128 0x6
 1171 00c4 9742     		.uleb128 0x2117
 1172 00c6 0C       		.uleb128 0xc
 1173 00c7 01       		.uleb128 0x1
 1174 00c8 13       		.uleb128 0x13
 1175 00c9 00       		.byte	0
 1176 00ca 00       		.byte	0
 1177 00cb 0F       		.uleb128 0xf
 1178 00cc 2E       		.uleb128 0x2e
 1179 00cd 01       		.byte	0x1
 1180 00ce 3F       		.uleb128 0x3f
 1181 00cf 0C       		.uleb128 0xc
 1182 00d0 03       		.uleb128 0x3
 1183 00d1 0E       		.uleb128 0xe
 1184 00d2 3A       		.uleb128 0x3a
 1185 00d3 0B       		.uleb128 0xb
 1186 00d4 3B       		.uleb128 0x3b
 1187 00d5 05       		.uleb128 0x5
 1188 00d6 27       		.uleb128 0x27
 1189 00d7 0C       		.uleb128 0xc
 1190 00d8 11       		.uleb128 0x11
 1191 00d9 01       		.uleb128 0x1
 1192 00da 12       		.uleb128 0x12
 1193 00db 01       		.uleb128 0x1
 1194 00dc 40       		.uleb128 0x40
 1195 00dd 06       		.uleb128 0x6
 1196 00de 9642     		.uleb128 0x2116
 1197 00e0 0C       		.uleb128 0xc
 1198 00e1 00       		.byte	0
 1199 00e2 00       		.byte	0
 1200 00e3 10       		.uleb128 0x10
 1201 00e4 0B       		.uleb128 0xb
 1202 00e5 01       		.byte	0x1
 1203 00e6 11       		.uleb128 0x11
 1204 00e7 01       		.uleb128 0x1
ARM GAS  C:\Users\GBMHUN~1\AppData\Local\Temp\ccmK4CkP.s 			page 28


 1205 00e8 12       		.uleb128 0x12
 1206 00e9 01       		.uleb128 0x1
 1207 00ea 00       		.byte	0
 1208 00eb 00       		.byte	0
 1209 00ec 11       		.uleb128 0x11
 1210 00ed 13       		.uleb128 0x13
 1211 00ee 01       		.byte	0x1
 1212 00ef 0B       		.uleb128 0xb
 1213 00f0 0B       		.uleb128 0xb
 1214 00f1 3A       		.uleb128 0x3a
 1215 00f2 0B       		.uleb128 0xb
 1216 00f3 3B       		.uleb128 0x3b
 1217 00f4 05       		.uleb128 0x5
 1218 00f5 01       		.uleb128 0x1
 1219 00f6 13       		.uleb128 0x13
 1220 00f7 00       		.byte	0
 1221 00f8 00       		.byte	0
 1222 00f9 12       		.uleb128 0x12
 1223 00fa 0D       		.uleb128 0xd
 1224 00fb 00       		.byte	0
 1225 00fc 03       		.uleb128 0x3
 1226 00fd 0E       		.uleb128 0xe
 1227 00fe 3A       		.uleb128 0x3a
 1228 00ff 0B       		.uleb128 0xb
 1229 0100 3B       		.uleb128 0x3b
 1230 0101 05       		.uleb128 0x5
 1231 0102 49       		.uleb128 0x49
 1232 0103 13       		.uleb128 0x13
 1233 0104 38       		.uleb128 0x38
 1234 0105 0A       		.uleb128 0xa
 1235 0106 00       		.byte	0
 1236 0107 00       		.byte	0
 1237 0108 13       		.uleb128 0x13
 1238 0109 16       		.uleb128 0x16
 1239 010a 00       		.byte	0
 1240 010b 03       		.uleb128 0x3
 1241 010c 0E       		.uleb128 0xe
 1242 010d 3A       		.uleb128 0x3a
 1243 010e 0B       		.uleb128 0xb
 1244 010f 3B       		.uleb128 0x3b
 1245 0110 05       		.uleb128 0x5
 1246 0111 49       		.uleb128 0x49
 1247 0112 13       		.uleb128 0x13
 1248 0113 00       		.byte	0
 1249 0114 00       		.byte	0
 1250 0115 14       		.uleb128 0x14
 1251 0116 01       		.uleb128 0x1
 1252 0117 01       		.byte	0x1
 1253 0118 49       		.uleb128 0x49
 1254 0119 13       		.uleb128 0x13
 1255 011a 01       		.uleb128 0x1
 1256 011b 13       		.uleb128 0x13
 1257 011c 00       		.byte	0
 1258 011d 00       		.byte	0
 1259 011e 15       		.uleb128 0x15
 1260 011f 21       		.uleb128 0x21
 1261 0120 00       		.byte	0
ARM GAS  C:\Users\GBMHUN~1\AppData\Local\Temp\ccmK4CkP.s 			page 29


 1262 0121 49       		.uleb128 0x49
 1263 0122 13       		.uleb128 0x13
 1264 0123 2F       		.uleb128 0x2f
 1265 0124 0B       		.uleb128 0xb
 1266 0125 00       		.byte	0
 1267 0126 00       		.byte	0
 1268 0127 16       		.uleb128 0x16
 1269 0128 34       		.uleb128 0x34
 1270 0129 00       		.byte	0
 1271 012a 03       		.uleb128 0x3
 1272 012b 0E       		.uleb128 0xe
 1273 012c 3A       		.uleb128 0x3a
 1274 012d 0B       		.uleb128 0xb
 1275 012e 3B       		.uleb128 0x3b
 1276 012f 05       		.uleb128 0x5
 1277 0130 49       		.uleb128 0x49
 1278 0131 13       		.uleb128 0x13
 1279 0132 02       		.uleb128 0x2
 1280 0133 0A       		.uleb128 0xa
 1281 0134 00       		.byte	0
 1282 0135 00       		.byte	0
 1283 0136 17       		.uleb128 0x17
 1284 0137 26       		.uleb128 0x26
 1285 0138 00       		.byte	0
 1286 0139 49       		.uleb128 0x49
 1287 013a 13       		.uleb128 0x13
 1288 013b 00       		.byte	0
 1289 013c 00       		.byte	0
 1290 013d 18       		.uleb128 0x18
 1291 013e 34       		.uleb128 0x34
 1292 013f 00       		.byte	0
 1293 0140 03       		.uleb128 0x3
 1294 0141 08       		.uleb128 0x8
 1295 0142 3A       		.uleb128 0x3a
 1296 0143 0B       		.uleb128 0xb
 1297 0144 3B       		.uleb128 0x3b
 1298 0145 05       		.uleb128 0x5
 1299 0146 49       		.uleb128 0x49
 1300 0147 13       		.uleb128 0x13
 1301 0148 02       		.uleb128 0x2
 1302 0149 0A       		.uleb128 0xa
 1303 014a 00       		.byte	0
 1304 014b 00       		.byte	0
 1305 014c 00       		.byte	0
 1306              		.section	.debug_loc,"",%progbits
 1307              	.Ldebug_loc0:
 1308              	.LLST0:
 1309 0000 00000000 		.4byte	.LFB0
 1310 0004 02000000 		.4byte	.LCFI0
 1311 0008 0200     		.2byte	0x2
 1312 000a 7D       		.byte	0x7d
 1313 000b 00       		.sleb128 0
 1314 000c 02000000 		.4byte	.LCFI0
 1315 0010 04000000 		.4byte	.LCFI1
 1316 0014 0200     		.2byte	0x2
 1317 0016 7D       		.byte	0x7d
 1318 0017 08       		.sleb128 8
ARM GAS  C:\Users\GBMHUN~1\AppData\Local\Temp\ccmK4CkP.s 			page 30


 1319 0018 04000000 		.4byte	.LCFI1
 1320 001c 06000000 		.4byte	.LCFI2
 1321 0020 0200     		.2byte	0x2
 1322 0022 7D       		.byte	0x7d
 1323 0023 10       		.sleb128 16
 1324 0024 06000000 		.4byte	.LCFI2
 1325 0028 1E000000 		.4byte	.LFE0
 1326 002c 0200     		.2byte	0x2
 1327 002e 77       		.byte	0x77
 1328 002f 10       		.sleb128 16
 1329 0030 00000000 		.4byte	0
 1330 0034 00000000 		.4byte	0
 1331              	.LLST1:
 1332 0038 00000000 		.4byte	.LFB1
 1333 003c 02000000 		.4byte	.LCFI3
 1334 0040 0200     		.2byte	0x2
 1335 0042 7D       		.byte	0x7d
 1336 0043 00       		.sleb128 0
 1337 0044 02000000 		.4byte	.LCFI3
 1338 0048 04000000 		.4byte	.LCFI4
 1339 004c 0200     		.2byte	0x2
 1340 004e 7D       		.byte	0x7d
 1341 004f 08       		.sleb128 8
 1342 0050 04000000 		.4byte	.LCFI4
 1343 0054 06000000 		.4byte	.LCFI5
 1344 0058 0200     		.2byte	0x2
 1345 005a 7D       		.byte	0x7d
 1346 005b 18       		.sleb128 24
 1347 005c 06000000 		.4byte	.LCFI5
 1348 0060 1E000000 		.4byte	.LFE1
 1349 0064 0200     		.2byte	0x2
 1350 0066 77       		.byte	0x77
 1351 0067 18       		.sleb128 24
 1352 0068 00000000 		.4byte	0
 1353 006c 00000000 		.4byte	0
 1354              	.LLST2:
 1355 0070 00000000 		.4byte	.LFB2
 1356 0074 02000000 		.4byte	.LCFI6
 1357 0078 0200     		.2byte	0x2
 1358 007a 7D       		.byte	0x7d
 1359 007b 00       		.sleb128 0
 1360 007c 02000000 		.4byte	.LCFI6
 1361 0080 04000000 		.4byte	.LCFI7
 1362 0084 0200     		.2byte	0x2
 1363 0086 7D       		.byte	0x7d
 1364 0087 08       		.sleb128 8
 1365 0088 04000000 		.4byte	.LCFI7
 1366 008c 06000000 		.4byte	.LCFI8
 1367 0090 0200     		.2byte	0x2
 1368 0092 7D       		.byte	0x7d
 1369 0093 18       		.sleb128 24
 1370 0094 06000000 		.4byte	.LCFI8
 1371 0098 1E000000 		.4byte	.LFE2
 1372 009c 0200     		.2byte	0x2
 1373 009e 77       		.byte	0x77
 1374 009f 18       		.sleb128 24
 1375 00a0 00000000 		.4byte	0
ARM GAS  C:\Users\GBMHUN~1\AppData\Local\Temp\ccmK4CkP.s 			page 31


 1376 00a4 00000000 		.4byte	0
 1377              	.LLST3:
 1378 00a8 00000000 		.4byte	.LFB3
 1379 00ac 02000000 		.4byte	.LCFI9
 1380 00b0 0200     		.2byte	0x2
 1381 00b2 7D       		.byte	0x7d
 1382 00b3 00       		.sleb128 0
 1383 00b4 02000000 		.4byte	.LCFI9
 1384 00b8 04000000 		.4byte	.LCFI10
 1385 00bc 0200     		.2byte	0x2
 1386 00be 7D       		.byte	0x7d
 1387 00bf 04       		.sleb128 4
 1388 00c0 04000000 		.4byte	.LCFI10
 1389 00c4 06000000 		.4byte	.LCFI11
 1390 00c8 0200     		.2byte	0x2
 1391 00ca 7D       		.byte	0x7d
 1392 00cb 10       		.sleb128 16
 1393 00cc 06000000 		.4byte	.LCFI11
 1394 00d0 0C000000 		.4byte	.LFE3
 1395 00d4 0200     		.2byte	0x2
 1396 00d6 77       		.byte	0x77
 1397 00d7 10       		.sleb128 16
 1398 00d8 00000000 		.4byte	0
 1399 00dc 00000000 		.4byte	0
 1400              	.LLST4:
 1401 00e0 00000000 		.4byte	.LFB4
 1402 00e4 02000000 		.4byte	.LCFI12
 1403 00e8 0200     		.2byte	0x2
 1404 00ea 7D       		.byte	0x7d
 1405 00eb 00       		.sleb128 0
 1406 00ec 02000000 		.4byte	.LCFI12
 1407 00f0 04000000 		.4byte	.LCFI13
 1408 00f4 0200     		.2byte	0x2
 1409 00f6 7D       		.byte	0x7d
 1410 00f7 08       		.sleb128 8
 1411 00f8 04000000 		.4byte	.LCFI13
 1412 00fc 06000000 		.4byte	.LCFI14
 1413 0100 0200     		.2byte	0x2
 1414 0102 7D       		.byte	0x7d
 1415 0103 10       		.sleb128 16
 1416 0104 06000000 		.4byte	.LCFI14
 1417 0108 16010000 		.4byte	.LFE4
 1418 010c 0200     		.2byte	0x2
 1419 010e 77       		.byte	0x77
 1420 010f 10       		.sleb128 16
 1421 0110 00000000 		.4byte	0
 1422 0114 00000000 		.4byte	0
 1423              	.LLST5:
 1424 0118 00000000 		.4byte	.LFB5
 1425 011c 02000000 		.4byte	.LCFI15
 1426 0120 0200     		.2byte	0x2
 1427 0122 7D       		.byte	0x7d
 1428 0123 00       		.sleb128 0
 1429 0124 02000000 		.4byte	.LCFI15
 1430 0128 04000000 		.4byte	.LCFI16
 1431 012c 0200     		.2byte	0x2
 1432 012e 7D       		.byte	0x7d
ARM GAS  C:\Users\GBMHUN~1\AppData\Local\Temp\ccmK4CkP.s 			page 32


 1433 012f 04       		.sleb128 4
 1434 0130 04000000 		.4byte	.LCFI16
 1435 0134 06000000 		.4byte	.LCFI17
 1436 0138 0200     		.2byte	0x2
 1437 013a 7D       		.byte	0x7d
 1438 013b 10       		.sleb128 16
 1439 013c 06000000 		.4byte	.LCFI17
 1440 0140 4E000000 		.4byte	.LFE5
 1441 0144 0200     		.2byte	0x2
 1442 0146 77       		.byte	0x77
 1443 0147 10       		.sleb128 16
 1444 0148 00000000 		.4byte	0
 1445 014c 00000000 		.4byte	0
 1446              	.LLST6:
 1447 0150 00000000 		.4byte	.LFB6
 1448 0154 02000000 		.4byte	.LCFI18
 1449 0158 0200     		.2byte	0x2
 1450 015a 7D       		.byte	0x7d
 1451 015b 00       		.sleb128 0
 1452 015c 02000000 		.4byte	.LCFI18
 1453 0160 04000000 		.4byte	.LCFI19
 1454 0164 0200     		.2byte	0x2
 1455 0166 7D       		.byte	0x7d
 1456 0167 04       		.sleb128 4
 1457 0168 04000000 		.4byte	.LCFI19
 1458 016c 06000000 		.4byte	.LCFI20
 1459 0170 0200     		.2byte	0x2
 1460 0172 7D       		.byte	0x7d
 1461 0173 18       		.sleb128 24
 1462 0174 06000000 		.4byte	.LCFI20
 1463 0178 32000000 		.4byte	.LFE6
 1464 017c 0200     		.2byte	0x2
 1465 017e 77       		.byte	0x77
 1466 017f 18       		.sleb128 24
 1467 0180 00000000 		.4byte	0
 1468 0184 00000000 		.4byte	0
 1469              	.LLST7:
 1470 0188 00000000 		.4byte	.LFB7
 1471 018c 02000000 		.4byte	.LCFI21
 1472 0190 0200     		.2byte	0x2
 1473 0192 7D       		.byte	0x7d
 1474 0193 00       		.sleb128 0
 1475 0194 02000000 		.4byte	.LCFI21
 1476 0198 04000000 		.4byte	.LCFI22
 1477 019c 0200     		.2byte	0x2
 1478 019e 7D       		.byte	0x7d
 1479 019f 08       		.sleb128 8
 1480 01a0 04000000 		.4byte	.LCFI22
 1481 01a4 06000000 		.4byte	.LCFI23
 1482 01a8 0200     		.2byte	0x2
 1483 01aa 7D       		.byte	0x7d
 1484 01ab 10       		.sleb128 16
 1485 01ac 06000000 		.4byte	.LCFI23
 1486 01b0 58010000 		.4byte	.LFE7
 1487 01b4 0200     		.2byte	0x2
 1488 01b6 77       		.byte	0x77
 1489 01b7 10       		.sleb128 16
ARM GAS  C:\Users\GBMHUN~1\AppData\Local\Temp\ccmK4CkP.s 			page 33


 1490 01b8 00000000 		.4byte	0
 1491 01bc 00000000 		.4byte	0
 1492              		.section	.debug_aranges,"",%progbits
 1493 0000 54000000 		.4byte	0x54
 1494 0004 0200     		.2byte	0x2
 1495 0006 00000000 		.4byte	.Ldebug_info0
 1496 000a 04       		.byte	0x4
 1497 000b 00       		.byte	0
 1498 000c 0000     		.2byte	0
 1499 000e 0000     		.2byte	0
 1500 0010 00000000 		.4byte	.LFB0
 1501 0014 1E000000 		.4byte	.LFE0-.LFB0
 1502 0018 00000000 		.4byte	.LFB1
 1503 001c 1E000000 		.4byte	.LFE1-.LFB1
 1504 0020 00000000 		.4byte	.LFB2
 1505 0024 1E000000 		.4byte	.LFE2-.LFB2
 1506 0028 00000000 		.4byte	.LFB3
 1507 002c 0C000000 		.4byte	.LFE3-.LFB3
 1508 0030 00000000 		.4byte	.LFB4
 1509 0034 16010000 		.4byte	.LFE4-.LFB4
 1510 0038 00000000 		.4byte	.LFB5
 1511 003c 4E000000 		.4byte	.LFE5-.LFB5
 1512 0040 00000000 		.4byte	.LFB6
 1513 0044 32000000 		.4byte	.LFE6-.LFB6
 1514 0048 00000000 		.4byte	.LFB7
 1515 004c 58010000 		.4byte	.LFE7-.LFB7
 1516 0050 00000000 		.4byte	0
 1517 0054 00000000 		.4byte	0
 1518              		.section	.debug_ranges,"",%progbits
 1519              	.Ldebug_ranges0:
 1520 0000 00000000 		.4byte	.LFB0
 1521 0004 1E000000 		.4byte	.LFE0
 1522 0008 00000000 		.4byte	.LFB1
 1523 000c 1E000000 		.4byte	.LFE1
 1524 0010 00000000 		.4byte	.LFB2
 1525 0014 1E000000 		.4byte	.LFE2
 1526 0018 00000000 		.4byte	.LFB3
 1527 001c 0C000000 		.4byte	.LFE3
 1528 0020 00000000 		.4byte	.LFB4
 1529 0024 16010000 		.4byte	.LFE4
 1530 0028 00000000 		.4byte	.LFB5
 1531 002c 4E000000 		.4byte	.LFE5
 1532 0030 00000000 		.4byte	.LFB6
 1533 0034 32000000 		.4byte	.LFE6
 1534 0038 00000000 		.4byte	.LFB7
 1535 003c 58010000 		.4byte	.LFE7
 1536 0040 00000000 		.4byte	0
 1537 0044 00000000 		.4byte	0
 1538              		.section	.debug_line,"",%progbits
 1539              	.Ldebug_line0:
 1540 0000 C3010000 		.section	.debug_str,"MS",%progbits,1
 1540      0200D700 
 1540      00000201 
 1540      FB0E0D00 
 1540      01010101 
 1541              	.LASF18:
 1542 0000 72656731 		.ascii	"reg16\000"
ARM GAS  C:\Users\GBMHUN~1\AppData\Local\Temp\ccmK4CkP.s 			page 34


 1542      3600
 1543              	.LASF11:
 1544 0006 73697A65 		.ascii	"size_t\000"
 1544      5F7400
 1545              	.LASF28:
 1546 000d 416E616C 		.ascii	"AnalogSetDefault\000"
 1546      6F675365 
 1546      74446566 
 1546      61756C74 
 1546      00
 1547              	.LASF38:
 1548 001e 433A5C55 		.ascii	"C:\\Users\\gbmhunter\\Temp\\TestWorkspace\\TestProj"
 1548      73657273 
 1548      5C67626D 
 1548      68756E74 
 1548      65725C54 
 1549 004c 65637443 		.ascii	"ectCpp.cydsn\000"
 1549      70702E63 
 1549      7964736E 
 1549      00
 1550              	.LASF35:
 1551 0059 6366675F 		.ascii	"cfg_memset_list\000"
 1551      6D656D73 
 1551      65745F6C 
 1551      69737400 
 1552              	.LASF22:
 1553 0069 4359434F 		.ascii	"CYCONFIGCPYCODE\000"
 1553      4E464947 
 1553      43505943 
 1553      4F444500 
 1554              	.LASF25:
 1555 0079 436C6F63 		.ascii	"ClockSetup\000"
 1555      6B536574 
 1555      757000
 1556              	.LASF3:
 1557 0084 73686F72 		.ascii	"short unsigned int\000"
 1557      7420756E 
 1557      7369676E 
 1557      65642069 
 1557      6E7400
 1558              	.LASF27:
 1559 0097 706C6C4C 		.ascii	"pllLock\000"
 1559      6F636B00 
 1560              	.LASF15:
 1561 009f 666C6F61 		.ascii	"float\000"
 1561      7400
 1562              	.LASF23:
 1563 00a5 4379436C 		.ascii	"CyClockStartupError\000"
 1563      6F636B53 
 1563      74617274 
 1563      75704572 
 1563      726F7200 
 1564              	.LASF21:
 1565 00b9 64657374 		.ascii	"dest\000"
 1565      00
 1566              	.LASF33:
 1567 00be 73697A65 		.ascii	"size\000"
ARM GAS  C:\Users\GBMHUN~1\AppData\Local\Temp\ccmK4CkP.s 			page 35


 1567      00
 1568              	.LASF17:
 1569 00c3 72656738 		.ascii	"reg8\000"
 1569      00
 1570              	.LASF9:
 1571 00c8 6C6F6E67 		.ascii	"long unsigned int\000"
 1571      20756E73 
 1571      69676E65 
 1571      6420696E 
 1571      7400
 1572              	.LASF12:
 1573 00da 75696E74 		.ascii	"uint8\000"
 1573      3800
 1574              	.LASF19:
 1575 00e0 43594D45 		.ascii	"CYMEMZERO\000"
 1575      4D5A4552 
 1575      4F00
 1576              	.LASF39:
 1577 00ea 53657441 		.ascii	"SetAnalogRoutingPumps\000"
 1577      6E616C6F 
 1577      67526F75 
 1577      74696E67 
 1577      50756D70 
 1578              	.LASF1:
 1579 0100 756E7369 		.ascii	"unsigned char\000"
 1579      676E6564 
 1579      20636861 
 1579      7200
 1580              	.LASF16:
 1581 010e 646F7562 		.ascii	"double\000"
 1581      6C6500
 1582              	.LASF40:
 1583 0115 63796669 		.ascii	"cyfitter_cfg\000"
 1583      74746572 
 1583      5F636667 
 1583      00
 1584              	.LASF13:
 1585 0122 75696E74 		.ascii	"uint16\000"
 1585      313600
 1586              	.LASF24:
 1587 0129 6572726F 		.ascii	"errorCode\000"
 1587      72436F64 
 1587      6500
 1588              	.LASF14:
 1589 0133 75696E74 		.ascii	"uint32\000"
 1589      333200
 1590              	.LASF4:
 1591 013a 756E7369 		.ascii	"unsigned int\000"
 1591      676E6564 
 1591      20696E74 
 1591      00
 1592              	.LASF32:
 1593 0147 61646472 		.ascii	"address\000"
 1593      65737300 
 1594              	.LASF6:
 1595 014f 6C6F6E67 		.ascii	"long long unsigned int\000"
 1595      206C6F6E 
ARM GAS  C:\Users\GBMHUN~1\AppData\Local\Temp\ccmK4CkP.s 			page 36


 1595      6720756E 
 1595      7369676E 
 1595      65642069 
 1596              	.LASF34:
 1597 0166 6366675F 		.ascii	"cfg_memset_t\000"
 1597      6D656D73 
 1597      65745F74 
 1597      00
 1598              	.LASF8:
 1599 0173 73697A65 		.ascii	"sizetype\000"
 1599      74797065 
 1599      00
 1600              	.LASF5:
 1601 017c 6C6F6E67 		.ascii	"long long int\000"
 1601      206C6F6E 
 1601      6720696E 
 1601      7400
 1602              	.LASF26:
 1603 018a 74696D65 		.ascii	"timeout\000"
 1603      6F757400 
 1604              	.LASF2:
 1605 0192 73686F72 		.ascii	"short int\000"
 1605      7420696E 
 1605      7400
 1606              	.LASF36:
 1607 019c 474E5520 		.ascii	"GNU C 4.7.3 20130312 (release) [ARM/embedded-4_7-br"
 1607      4320342E 
 1607      372E3320 
 1607      32303133 
 1607      30333132 
 1608 01cf 616E6368 		.ascii	"anch revision 196615]\000"
 1608      20726576 
 1608      6973696F 
 1608      6E203139 
 1608      36363135 
 1609              	.LASF37:
 1610 01e5 2E5C4765 		.ascii	".\\Generated_Source\\PSoC5\\cyfitter_cfg.c\000"
 1610      6E657261 
 1610      7465645F 
 1610      536F7572 
 1610      63655C50 
 1611              	.LASF30:
 1612 020d 656E6162 		.ascii	"enabled\000"
 1612      6C656400 
 1613              	.LASF7:
 1614 0215 6C6F6E67 		.ascii	"long int\000"
 1614      20696E74 
 1614      00
 1615              	.LASF10:
 1616 021e 63686172 		.ascii	"char\000"
 1616      00
 1617              	.LASF29:
 1618 0223 62675F78 		.ascii	"bg_xover_inl_trim\000"
 1618      6F766572 
 1618      5F696E6C 
 1618      5F747269 
 1618      6D00
ARM GAS  C:\Users\GBMHUN~1\AppData\Local\Temp\ccmK4CkP.s 			page 37


 1619              	.LASF0:
 1620 0235 7369676E 		.ascii	"signed char\000"
 1620      65642063 
 1620      68617200 
 1621              	.LASF31:
 1622 0241 72656756 		.ascii	"regValue\000"
 1622      616C7565 
 1622      00
 1623              	.LASF20:
 1624 024a 4359434F 		.ascii	"CYCONFIGCPY\000"
 1624      4E464947 
 1624      43505900 
 1625              		.ident	"GCC: (GNU Tools for ARM Embedded Processors) 4.7.3 20130312 (release) [ARM/embedded-4_7-br
